Archive member included to satisfy reference by file (symbol)

c:/programsoftware/ac6/systemworkbench/plugins/fr.ac6.mcu.externaltools.arm-none.win32_1.17.0.201812190825/tools/compiler/bin/../lib/gcc/arm-none-eabi/7.3.1/thumb/v7-m\libgcc.a(_arm_addsubdf3.o)
                              src/mpu6050.o (__aeabi_dadd)
c:/programsoftware/ac6/systemworkbench/plugins/fr.ac6.mcu.externaltools.arm-none.win32_1.17.0.201812190825/tools/compiler/bin/../lib/gcc/arm-none-eabi/7.3.1/thumb/v7-m\libgcc.a(_arm_muldivdf3.o)
                              src/mpu6050.o (__aeabi_dmul)
c:/programsoftware/ac6/systemworkbench/plugins/fr.ac6.mcu.externaltools.arm-none.win32_1.17.0.201812190825/tools/compiler/bin/../lib/gcc/arm-none-eabi/7.3.1/thumb/v7-m\libgcc.a(_arm_fixdfsi.o)
                              src/mpu6050.o (__aeabi_d2iz)
c:/programsoftware/ac6/systemworkbench/plugins/fr.ac6.mcu.externaltools.arm-none.win32_1.17.0.201812190825/tools/compiler/bin/../lib/gcc/arm-none-eabi/7.3.1/thumb/v7-m\libgcc.a(_arm_truncdfsf2.o)
                              src/mpu6050.o (__aeabi_d2f)
c:/programsoftware/ac6/systemworkbench/plugins/fr.ac6.mcu.externaltools.arm-none.win32_1.17.0.201812190825/tools/compiler/bin/../lib/gcc/arm-none-eabi/7.3.1/../../../../arm-none-eabi/lib/thumb/v7-m\libc.a(lib_a-errno.o)
                              src/syscalls.o (__errno)
c:/programsoftware/ac6/systemworkbench/plugins/fr.ac6.mcu.externaltools.arm-none.win32_1.17.0.201812190825/tools/compiler/bin/../lib/gcc/arm-none-eabi/7.3.1/../../../../arm-none-eabi/lib/thumb/v7-m\libc.a(lib_a-exit.o)
                              c:/programsoftware/ac6/systemworkbench/plugins/fr.ac6.mcu.externaltools.arm-none.win32_1.17.0.201812190825/tools/compiler/bin/../lib/gcc/arm-none-eabi/7.3.1/../../../../arm-none-eabi/lib/thumb/v7-m/crt0.o (exit)
c:/programsoftware/ac6/systemworkbench/plugins/fr.ac6.mcu.externaltools.arm-none.win32_1.17.0.201812190825/tools/compiler/bin/../lib/gcc/arm-none-eabi/7.3.1/../../../../arm-none-eabi/lib/thumb/v7-m\libc.a(lib_a-impure.o)
                              c:/programsoftware/ac6/systemworkbench/plugins/fr.ac6.mcu.externaltools.arm-none.win32_1.17.0.201812190825/tools/compiler/bin/../lib/gcc/arm-none-eabi/7.3.1/../../../../arm-none-eabi/lib/thumb/v7-m\libc.a(lib_a-exit.o) (_global_impure_ptr)
c:/programsoftware/ac6/systemworkbench/plugins/fr.ac6.mcu.externaltools.arm-none.win32_1.17.0.201812190825/tools/compiler/bin/../lib/gcc/arm-none-eabi/7.3.1/../../../../arm-none-eabi/lib/thumb/v7-m\libc.a(lib_a-init.o)
                              c:/programsoftware/ac6/systemworkbench/plugins/fr.ac6.mcu.externaltools.arm-none.win32_1.17.0.201812190825/tools/compiler/bin/../lib/gcc/arm-none-eabi/7.3.1/../../../../arm-none-eabi/lib/thumb/v7-m/crt0.o (__libc_init_array)
c:/programsoftware/ac6/systemworkbench/plugins/fr.ac6.mcu.externaltools.arm-none.win32_1.17.0.201812190825/tools/compiler/bin/../lib/gcc/arm-none-eabi/7.3.1/../../../../arm-none-eabi/lib/thumb/v7-m\libc.a(lib_a-itoa.o)
                              src/ds1302-2.o (itoa)
c:/programsoftware/ac6/systemworkbench/plugins/fr.ac6.mcu.externaltools.arm-none.win32_1.17.0.201812190825/tools/compiler/bin/../lib/gcc/arm-none-eabi/7.3.1/../../../../arm-none-eabi/lib/thumb/v7-m\libc.a(lib_a-memcpy.o)
                              src/mpu6050.o (memcpy)
c:/programsoftware/ac6/systemworkbench/plugins/fr.ac6.mcu.externaltools.arm-none.win32_1.17.0.201812190825/tools/compiler/bin/../lib/gcc/arm-none-eabi/7.3.1/../../../../arm-none-eabi/lib/thumb/v7-m\libc.a(lib_a-memset.o)
                              c:/programsoftware/ac6/systemworkbench/plugins/fr.ac6.mcu.externaltools.arm-none.win32_1.17.0.201812190825/tools/compiler/bin/../lib/gcc/arm-none-eabi/7.3.1/../../../../arm-none-eabi/lib/thumb/v7-m/crt0.o (memset)
c:/programsoftware/ac6/systemworkbench/plugins/fr.ac6.mcu.externaltools.arm-none.win32_1.17.0.201812190825/tools/compiler/bin/../lib/gcc/arm-none-eabi/7.3.1/../../../../arm-none-eabi/lib/thumb/v7-m\libc.a(lib_a-printf.o)
                              src/BC35.o (printf)
c:/programsoftware/ac6/systemworkbench/plugins/fr.ac6.mcu.externaltools.arm-none.win32_1.17.0.201812190825/tools/compiler/bin/../lib/gcc/arm-none-eabi/7.3.1/../../../../arm-none-eabi/lib/thumb/v7-m\libc.a(lib_a-puts.o)
                              src/BC35.o (puts)
c:/programsoftware/ac6/systemworkbench/plugins/fr.ac6.mcu.externaltools.arm-none.win32_1.17.0.201812190825/tools/compiler/bin/../lib/gcc/arm-none-eabi/7.3.1/../../../../arm-none-eabi/lib/thumb/v7-m\libc.a(lib_a-sprintf.o)
                              src/ds1302-2.o (sprintf)
c:/programsoftware/ac6/systemworkbench/plugins/fr.ac6.mcu.externaltools.arm-none.win32_1.17.0.201812190825/tools/compiler/bin/../lib/gcc/arm-none-eabi/7.3.1/../../../../arm-none-eabi/lib/thumb/v7-m\libc.a(lib_a-strchr.o)
                              src/BC35.o (strchr)
[...]
Memory Configuration

Name             Origin             Length             Attributes
RAM              0x20000000         0x00008000         xrw
ROM              0x08000000         0x00020000         xr
*default*        0x00000000         0xffffffff

Linker script and memory map

LOAD c:/programsoftware/ac6/systemworkbench/plugins/fr.ac6.mcu.externaltools.arm-none.win32_1.17.0.201812190825/tools/compiler/bin/../lib/gcc/arm-none-eabi/7.3.1/thumb/v7-m/crti.o
LOAD c:/programsoftware/ac6/systemworkbench/plugins/fr.ac6.mcu.externaltools.arm-none.win32_1.17.0.201812190825/tools/compiler/bin/../lib/gcc/arm-none-eabi/7.3.1/thumb/v7-m/crtbegin.o
LOAD c:/programsoftware/ac6/systemworkbench/plugins/fr.ac6.mcu.externaltools.arm-none.win32_1.17.0.201812190825/tools/compiler/bin/../lib/gcc/arm-none-eabi/7.3.1/../../../../arm-none-eabi/lib/thumb/v7-m/crt0.o
LOAD StdPeriph_Driver/src/misc.o
LOAD StdPeriph_Driver/src/stm32l1xx_adc.o
LOAD StdPeriph_Driver/src/stm32l1xx_aes.o
LOAD StdPeriph_Driver/src/stm32l1xx_aes_util.o
LOAD StdPeriph_Driver/src/stm32l1xx_comp.o
LOAD StdPeriph_Driver/src/stm32l1xx_crc.o
LOAD StdPeriph_Driver/src/stm32l1xx_dac.o
LOAD StdPeriph_Driver/src/stm32l1xx_dbgmcu.o
LOAD StdPeriph_Driver/src/stm32l1xx_dma.o
LOAD StdPeriph_Driver/src/stm32l1xx_exti.o
LOAD StdPeriph_Driver/src/stm32l1xx_flash.o
LOAD StdPeriph_Driver/src/stm32l1xx_flash_ramfunc.o
LOAD StdPeriph_Driver/src/stm32l1xx_fsmc.o
LOAD StdPeriph_Driver/src/stm32l1xx_gpio.o
LOAD StdPeriph_Driver/src/stm32l1xx_i2c.o
LOAD StdPeriph_Driver/src/stm32l1xx_iwdg.o
LOAD StdPeriph_Driver/src/stm32l1xx_lcd.o
LOAD StdPeriph_Driver/src/stm32l1xx_opamp.o
LOAD StdPeriph_Driver/src/stm32l1xx_pwr.o
LOAD StdPeriph_Driver/src/stm32l1xx_rcc.o
LOAD StdPeriph_Driver/src/stm32l1xx_rtc.o
LOAD StdPeriph_Driver/src/stm32l1xx_sdio.o
LOAD StdPeriph_Driver/src/stm32l1xx_spi.o
LOAD StdPeriph_Driver/src/stm32l1xx_syscfg.o
LOAD StdPeriph_Driver/src/stm32l1xx_tim.o
LOAD StdPeriph_Driver/src/stm32l1xx_usart.o
LOAD StdPeriph_Driver/src/stm32l1xx_wwdg.o
LOAD src/BC35.o
LOAD src/LED.o
LOAD src/buzzer.o
LOAD src/ds1302-2.o
LOAD src/key.o
LOAD src/main.o
LOAD src/mpu6050.o
LOAD src/stm32l1xx_it.o
LOAD src/sw180.o
LOAD src/syscalls.o
LOAD src/system_stm32l1xx.o
LOAD src/timer.o
LOAD src/usart.o
LOAD startup/startup_stm32.o
LOAD c:/programsoftware/ac6/systemworkbench/plugins/fr.ac6.mcu.externaltools.arm-none.win32_1.17.0.201812190825/tools/compiler/bin/../lib/gcc/arm-none-eabi/7.3.1/../../../../arm-none-eabi/lib/thumb/v7-m\libm.a
START GROUP
LOAD c:/programsoftware/ac6/systemworkbench/plugins/fr.ac6.mcu.externaltools.arm-none.win32_1.17.0.201812190825/tools/compiler/bin/../lib/gcc/arm-none-eabi/7.3.1/thumb/v7-m\libgcc.a
LOAD c:/programsoftware/ac6/systemworkbench/plugins/fr.ac6.mcu.externaltools.arm-none.win32_1.17.0.201812190825/tools/compiler/bin/../lib/gcc/arm-none-eabi/7.3.1/../../../../arm-none-eabi/lib/thumb/v7-m\libc.a
END GROUP
LOAD c:/programsoftware/ac6/systemworkbench/plugins/fr.ac6.mcu.externaltools.arm-none.win32_1.17.0.201812190825/tools/compiler/bin/../lib/gcc/arm-none-eabi/7.3.1/thumb/v7-m/crtend.o
LOAD c:/programsoftware/ac6/systemworkbench/plugins/fr.ac6.mcu.externaltools.arm-none.win32_1.17.0.201812190825/tools/compiler/bin/../lib/gcc/arm-none-eabi/7.3.1/thumb/v7-m/crtn.o
                0x20008000                _estack = 0x20008000
                0x00000000                _Min_Heap_Size = 0x0
                0x00000400                _Min_Stack_Size = 0x400

.isr_vector     0x08000000      0x124
                0x08000000                . = ALIGN (0x4)
 *(.isr_vector)
 .isr_vector    0x08000000      0x124 startup/startup_stm32.o
                0x08000000                g_pfnVectors
                0x08000124                . = ALIGN (0x4)

.text           0x08000128     0xad34
                0x08000128                . = ALIGN (0x4)
 *(.text)
 .text          0x08000128       0x40 c:/programsoftware/ac6/systemworkbench/plugins/fr.ac6.mcu.externaltools.arm-none.win32_1.17.0.201812190825/tools/compiler/bin/../lib/gcc/arm-none-eabi/7.3.1/thumb/v7-m/crtbegin.o
 .text          0x08000168      0x378 c:/programsoftware/ac6/systemworkbench/plugins/fr.ac6.mcu.externaltools.arm-none.win32_1.17.0.201812190825/tools/compiler/bin/../lib/gcc/arm-none-eabi/7.3.1/thumb/v7-m\libgcc.a(_arm_addsubdf3.o)
                0x08000168                __aeabi_drsub
                0x08000170                __aeabi_dsub
                0x08000170                __subdf3
                0x08000174                __aeabi_dadd
                0x08000174                __adddf3
                0x080003ec                __floatunsidf
                0x080003ec                __aeabi_ui2d
                0x0800040c                __floatsidf
                0x0800040c                __aeabi_i2d
                0x08000430                __aeabi_f2d
                0x08000430                __extendsfdf2
                0x08000474                __floatundidf
                0x08000474                __aeabi_ul2d
                0x08000484                __floatdidf
                0x08000484                __aeabi_l2d
 .text          0x080004e0      0x424 c:/programsoftware/ac6/systemworkbench/plugins/fr.ac6.mcu.externaltools.arm-none.win32_1.17.0.201812190825/tools/compiler/bin/../lib/gcc/arm-none-eabi/7.3.1/thumb/v7-m\libgcc.a(_arm_muldivdf3.o)
                0x080004e0                __aeabi_dmul
                0x080004e0                __muldf3
                0x08000734                __divdf3
                0x08000734                __aeabi_ddiv
 .text          0x08000904       0x50 c:/programsoftware/ac6/systemworkbench/plugins/fr.ac6.mcu.externaltools.arm-none.win32_1.17.0.201812190825/tools/compiler/bin/../lib/gcc/arm-none-eabi/7.3.1/thumb/v7-m\libgcc.a(_arm_fixdfsi.o)
                0x08000904                __aeabi_d2iz
                0x08000904                __fixdfsi
 .text          0x08000954       0xa0 c:/programsoftware/ac6/systemworkbench/plugins/fr.ac6.mcu.externaltools.arm-none.win32_1.17.0.201812190825/tools/compiler/bin/../lib/gcc/arm-none-eabi/7.3.1/thumb/v7-m\libgcc.a(_arm_truncdfsf2.o)
                0x08000954                __truncdfsf2
                0x08000954                __aeabi_d2f
 .text          0x080009f4       0xec c:/programsoftware/ac6/systemworkbench/plugins/fr.ac6.mcu.externaltools.arm-none.win32_1.17.0.201812190825/tools/compiler/bin/../lib/gcc/arm-none-eabi/7.3.1/../../../../arm-none-eabi/lib/thumb/v7-m\libc.a(lib_a-memcpy.o)
                0x080009f4                memcpy
 .text          0x08000ae0      0x110 c:/programsoftware/ac6/systemworkbench/plugins/fr.ac6.mcu.externaltools.arm-none.win32_1.17.0.201812190825/tools/compiler/bin/../lib/gcc/arm-none-eabi/7.3.1/thumb/v7-m\libgcc.a(_arm_cmpdf2.o)
                0x08000ae0                __gtdf2
                0x08000ae0                __gedf2
                0x08000ae8                __ltdf2
                0x08000ae8                __ledf2
                0x08000af0                __nedf2
                0x08000af0                __eqdf2
                0x08000af0                __cmpdf2
                0x08000b6c                __aeabi_cdrcmple
                0x08000b7c                __aeabi_cdcmpeq
                0x08000b7c                __aeabi_cdcmple
                0x08000b8c                __aeabi_dcmpeq
                0x08000ba0                __aeabi_dcmplt
                0x08000bb4                __aeabi_dcmple
                0x08000bc8                __aeabi_dcmpge
                0x08000bdc                __aeabi_dcmpgt
 .text          0x08000bf0       0x2c c:/programsoftware/ac6/systemworkbench/plugins/fr.ac6.mcu.externaltools.arm-none.win32_1.17.0.201812190825/tools/compiler/bin/../lib/gcc/arm-none-eabi/7.3.1/thumb/v7-m\libgcc.a(_arm_unorddf2.o)
                0x08000bf0                __unorddf2
                0x08000bf0                __aeabi_dcmpun
 .text          0x08000c1c       0x30 c:/programsoftware/ac6/systemworkbench/plugins/fr.ac6.mcu.externaltools.arm-none.win32_1.17.0.201812190825/tools/compiler/bin/../lib/gcc/arm-none-eabi/7.3.1/thumb/v7-m\libgcc.a(_aeabi_uldivmod.o)
                0x08000c1c                __aeabi_uldivmod
 .text          0x08000c4c      0x2d0 c:/programsoftware/ac6/systemworkbench/plugins/fr.ac6.mcu.externaltools.arm-none.win32_1.17.0.201812190825/tools/compiler/bin/../lib/gcc/arm-none-eabi/7.3.1/thumb/v7-m\libgcc.a(_udivmoddi4.o)
                0x08000c4c                __udivmoddi4
 .text          0x08000f1c        0x4 c:/programsoftware/ac6/systemworkbench/plugins/fr.ac6.mcu.externaltools.arm-none.win32_1.17.0.201812190825/tools/compiler/bin/../lib/gcc/arm-none-eabi/7.3.1/thumb/v7-m\libgcc.a(_dvmd_tls.o)
                0x08000f1c                __aeabi_idiv0
                0x08000f1c                __aeabi_ldiv0
 *(.text*)
 .text.NVIC_PriorityGroupConfig
                0x08000f20       0x24 StdPeriph_Driver/src/misc.o
                0x08000f20                NVIC_PriorityGroupConfig
 .text.NVIC_Init
                0x08000f44       0xc4 StdPeriph_Driver/src/misc.o
                0x08000f44                NVIC_Init
 .text.EXTI_Init
                0x08001008       0xe4 StdPeriph_Driver/src/stm32l1xx_exti.o
                0x08001008                EXTI_Init
 .text.EXTI_GetITStatus
                0x080010ec       0x34 StdPeriph_Driver/src/stm32l1xx_exti.o
                0x080010ec                EXTI_GetITStatus
 .text.EXTI_ClearITPendingBit
                0x08001120       0x1c StdPeriph_Driver/src/stm32l1xx_exti.o
                0x08001120                EXTI_ClearITPendingBit
 .text.GPIO_Init
                0x0800113c      0x136 StdPeriph_Driver/src/stm32l1xx_gpio.o
                0x0800113c                GPIO_Init
 .text.GPIO_ReadInputDataBit
                0x08001272       0x36 StdPeriph_Driver/src/stm32l1xx_gpio.o
                0x08001272                GPIO_ReadInputDataBit
 .text.GPIO_SetBits
                0x080012a8       0x1c StdPeriph_Driver/src/stm32l1xx_gpio.o
                0x080012a8                GPIO_SetBits
 .text.GPIO_ResetBits
                0x080012c4       0x1c StdPeriph_Driver/src/stm32l1xx_gpio.o
                0x080012c4                GPIO_ResetBits
 .text.GPIO_ToggleBits
                0x080012e0       0x26 StdPeriph_Driver/src/stm32l1xx_gpio.o
                0x080012e0                GPIO_ToggleBits
 .text.GPIO_PinAFConfig
                0x08001306       0x90 StdPeriph_Driver/src/stm32l1xx_gpio.o
                0x08001306                GPIO_PinAFConfig
 *fill*         0x08001396        0x2 
 .text.RCC_GetClocksFreq
                0x08001398      0x1b4 StdPeriph_Driver/src/stm32l1xx_rcc.o
                0x08001398                RCC_GetClocksFreq
 .text.RCC_AHBPeriphClockCmd
                0x0800154c       0x3c StdPeriph_Driver/src/stm32l1xx_rcc.o
                0x0800154c                RCC_AHBPeriphClockCmd
 .text.RCC_APB2PeriphClockCmd
                0x08001588       0x3c StdPeriph_Driver/src/stm32l1xx_rcc.o
                0x08001588                RCC_APB2PeriphClockCmd
 .text.RCC_APB1PeriphClockCmd
                0x080015c4       0x3c StdPeriph_Driver/src/stm32l1xx_rcc.o
                0x080015c4                RCC_APB1PeriphClockCmd
 .text.SYSCFG_EXTILineConfig
                0x08001600       0x80 StdPeriph_Driver/src/stm32l1xx_syscfg.o
                0x08001600                SYSCFG_EXTILineConfig
 .text.TIM_TimeBaseInit
                0x08001680       0xa4 StdPeriph_Driver/src/stm32l1xx_tim.o
                0x08001680                TIM_TimeBaseInit
 .text.TIM_Cmd  0x08001724       0x3e StdPeriph_Driver/src/stm32l1xx_tim.o
                0x08001724                TIM_Cmd
 .text.TIM_ITConfig
                0x08001762       0x46 StdPeriph_Driver/src/stm32l1xx_tim.o
                0x08001762                TIM_ITConfig
 .text.TIM_ClearFlag
                0x080017a8       0x20 StdPeriph_Driver/src/stm32l1xx_tim.o
                0x080017a8                TIM_ClearFlag
 .text.TIM_GetITStatus
                0x080017c8       0x52 StdPeriph_Driver/src/stm32l1xx_tim.o
                0x080017c8                TIM_GetITStatus
 .text.TIM_ClearITPendingBit
                0x0800181a       0x20 StdPeriph_Driver/src/stm32l1xx_tim.o
                0x0800181a                TIM_ClearITPendingBit
 *fill*         0x0800183a        0x2 
 .text.USART_Init
                0x0800183c      0x168 StdPeriph_Driver/src/stm32l1xx_usart.o
                0x0800183c                USART_Init
 .text.USART_Cmd
                0x080019a4       0x3e StdPeriph_Driver/src/stm32l1xx_usart.o
                0x080019a4                USART_Cmd
 .text.USART_SendData
                0x080019e2       0x22 StdPeriph_Driver/src/stm32l1xx_usart.o
                0x080019e2                USART_SendData
 .text.USART_ReceiveData
                0x08001a04       0x1e StdPeriph_Driver/src/stm32l1xx_usart.o
                0x08001a04                USART_ReceiveData
 .text.USART_ITConfig
                0x08001a22       0x8e StdPeriph_Driver/src/stm32l1xx_usart.o
                0x08001a22                USART_ITConfig
 .text.USART_GetFlagStatus
                0x08001ab0       0x36 StdPeriph_Driver/src/stm32l1xx_usart.o
                0x08001ab0                USART_GetFlagStatus
 .text.USART_GetITStatus
                0x08001ae6       0xb4 StdPeriph_Driver/src/stm32l1xx_usart.o
                0x08001ae6                USART_GetITStatus
 *fill*         0x08001b9a        0x2 
 .text.Clear_Buffer
                0x08001b9c       0x28 src/BC35.o
                0x08001b9c                Clear_Buffer
 .text.BC95_Init
                0x08001bc4      0x3d0 src/BC35.o
                0x08001bc4                BC95_Init
 .text.BC95_PDPACT
                0x08001f94      0x114 src/BC35.o
                0x08001f94                BC95_PDPACT
 .text.BC95_ConUDP
                0x080020a8       0xf8 src/BC35.o
                0x080020a8                BC95_ConUDP
 .text.BC95_Senddata
                0x080021a0       0x6c src/BC35.o
                0x080021a0                BC95_Senddata
 .text.LED_Init
                0x0800220c       0x30 src/LED.o
                0x0800220c                LED_Init
 .text.buzzer_init
                0x0800223c       0x30 src/buzzer.o
                0x0800223c                buzzer_init
 .text.buzzer_tick
                0x0800226c       0x24 src/buzzer.o
                0x0800226c                buzzer_tick
 .text.buzzer_verify_password_success
                0x08002290       0x2c src/buzzer.o
                0x08002290                buzzer_verify_password_success
 .text.buzzer_verify_password_fail
                0x080022bc       0x5c src/buzzer.o
                0x080022bc                buzzer_verify_password_fail
 .text.key_init
                0x08002318       0x94 src/key.o
                0x08002318                key_init
 .text.set_password
                0x080023ac       0x3c src/key.o
                0x080023ac                set_password
 .text.verify_password
                0x080023e8       0xc8 src/key.o
                0x080023e8                verify_password
 .text.key_scan
                0x080024b0      0x4c4 src/key.o
                0x080024b0                key_scan
 .text.NVIC_SetPriority
                0x08002974       0x54 src/main.o
 .text.SysTick_Config
                0x080029c8       0x44 src/main.o
 .text.main     0x08002a0c      0x18c src/main.o
                0x08002a0c                main
 .text.Delay    0x08002b98       0x28 src/main.o
                0x08002b98                Delay
 .text.TimingDelay_Decrement
                0x08002bc0       0x24 src/main.o
                0x08002bc0                TimingDelay_Decrement
 .text.mpu6050_init
                0x08002be4       0x20 src/mpu6050.o
                0x08002be4                mpu6050_init
 *fill*         0x08002c04        0x4 
 .text.mpu6050_get_data
                0x08002c08      0x838 src/mpu6050.o
                0x08002c08                mpu6050_get_data
 .text.NMI_Handler
                0x08003440        0xc src/stm32l1xx_it.o
                0x08003440                NMI_Handler
 .text.HardFault_Handler
                0x0800344c        0x6 src/stm32l1xx_it.o
                0x0800344c                HardFault_Handler
 .text.MemManage_Handler
                0x08003452        0x6 src/stm32l1xx_it.o
                0x08003452                MemManage_Handler
 .text.BusFault_Handler
                0x08003458        0x6 src/stm32l1xx_it.o
                0x08003458                BusFault_Handler
 .text.UsageFault_Handler
                0x0800345e        0x6 src/stm32l1xx_it.o
                0x0800345e                UsageFault_Handler
 .text.SVC_Handler
                0x08003464        0xc src/stm32l1xx_it.o
                0x08003464                SVC_Handler
 .text.DebugMon_Handler
                0x08003470        0xc src/stm32l1xx_it.o
                0x08003470                DebugMon_Handler
 .text.PendSV_Handler
                0x0800347c        0xc src/stm32l1xx_it.o
                0x0800347c                PendSV_Handler
 .text.SysTick_Handler
                0x08003488        0xc src/stm32l1xx_it.o
                0x08003488                SysTick_Handler
 .text.sw180_init
                0x08003494       0x20 src/sw180.o
                0x08003494                sw180_init
 .text.NVIC_Configuration
                0x080034b4       0x2e src/sw180.o
 *fill*         0x080034e2        0x2 
 .text.EXTI_Config
                0x080034e4       0x60 src/sw180.o
                0x080034e4                EXTI_Config
 .text.EXTI3_IRQHandler
                0x08003544       0x60 src/sw180.o
                0x08003544                EXTI3_IRQHandler
 .text._read    0x080035a4       0x3a src/syscalls.o
                0x080035a4                _read
 .text._write   0x080035de       0x38 src/syscalls.o
                0x080035de                _write
 *fill*         0x08003616        0x2 
 .text._sbrk    0x08003618       0x58 src/syscalls.o
                0x08003618                _sbrk
 .text._close   0x08003670       0x16 src/syscalls.o
                0x08003670                _close
 .text._fstat   0x08003686       0x1e src/syscalls.o
                0x08003686                _fstat
 .text._isatty  0x080036a4       0x14 src/syscalls.o
                0x080036a4                _isatty
 .text._lseek   0x080036b8       0x18 src/syscalls.o
                0x080036b8                _lseek
 .text.SystemInit
                0x080036d0       0x68 src/system_stm32l1xx.o
                0x080036d0                SystemInit
 .text.SetSysClock
                0x08003738      0x120 src/system_stm32l1xx.o
 .text.TIM3_Int_Init
                0x08003858       0x70 src/timer.o
                0x08003858                TIM3_Int_Init
 .text.TIM2_Int_Init
                0x080038c8       0x7a src/timer.o
                0x080038c8                TIM2_Int_Init
 *fill*         0x08003942        0x2 
 .text.TIM3_IRQHandler
                0x08003944       0x54 src/timer.o
                0x08003944                TIM3_IRQHandler
 .text.TIM2_IRQHandler
                0x08003998       0x44 src/timer.o
                0x08003998                TIM2_IRQHandler
 .text.__io_putchar
                0x080039dc       0x34 src/usart.o
                0x080039dc                __io_putchar
 .text.UART1_send_byte
                0x08003a10       0x34 src/usart.o
                0x08003a10                UART1_send_byte
 .text.uart_init
                0x08003a44       0xd4 src/usart.o
                0x08003a44                uart_init
 .text.uart2_init
                0x08003b18       0xd8 src/usart.o
                0x08003b18                uart2_init
 .text.uart3_init
                0x08003bf0       0xd4 src/usart.o
                0x08003bf0                uart3_init
 .text.Uart1_SendStr
                0x08003cc4       0x44 src/usart.o
                0x08003cc4                Uart1_SendStr
 .text.USART1_IRQHandler
                0x08003d08       0x44 src/usart.o
                0x08003d08                USART1_IRQHandler
 .text.USART2_IRQHandler
                0x08003d4c       0x78 src/usart.o
                0x08003d4c                USART2_IRQHandler
 .text.USART3_IRQHandler
                0x08003dc4       0x54 src/usart.o
                0x08003dc4                USART3_IRQHandler
 .text.Reset_Handler
                0x08003e18       0x50 startup/startup_stm32.o
                0x08003e18                Reset_Handler
 .text.Default_Handler
                0x08003e68        0x2 startup/startup_stm32.o
                0x08003e68                RTC_Alarm_IRQHandler
                0x08003e68                EXTI2_IRQHandler
                0x08003e68                COMP_ACQ_IRQHandler
                0x08003e68                COMP_CA_IRQHandler
                0x08003e68                TIM10_IRQHandler
                0x08003e68                USB_HP_IRQHandler
                0x08003e68                TIM6_IRQHandler
                0x08003e68                PVD_IRQHandler
                0x08003e68                SDIO_IRQHandler
                0x08003e68                EXTI0_IRQHandler
                0x08003e68                I2C2_EV_IRQHandler
                0x08003e68                DMA2_CH1_IRQHandler
                0x08003e68                SPI1_IRQHandler
                0x08003e68                USB_FS_WKUP_IRQHandler
                0x08003e68                DMA1_Channel4_IRQHandler
                0x08003e68                ADC1_IRQHandler
                0x08003e68                DMA1_Channel7_IRQHandler
                0x08003e68                LCD_IRQHandler
                0x08003e68                UART5_IRQHandler
                0x08003e68                TIM4_IRQHandler
                0x08003e68                I2C1_EV_IRQHandler
                0x08003e68                DMA2_CH5_IRQHandler
                0x08003e68                DMA1_Channel6_IRQHandler
                0x08003e68                UART4_IRQHandler
                0x08003e68                RCC_IRQHandler
                0x08003e68                DMA1_Channel1_IRQHandler
                0x08003e68                Default_Handler
                0x08003e68                EXTI15_10_IRQHandler
                0x08003e68                TIM7_IRQHandler
                0x08003e68                TIM5_IRQHandler
                0x08003e68                EXTI9_5_IRQHandler
                0x08003e68                TIM9_IRQHandler
                0x08003e68                TAMPER_STAMP_IRQHandler
                0x08003e68                RTC_WKUP_IRQHandler
                0x08003e68                SPI2_IRQHandler
                0x08003e68                DMA1_Channel5_IRQHandler
                0x08003e68                USB_LP_IRQHandler
                0x08003e68                EXTI4_IRQHandler
                0x08003e68                DMA1_Channel3_IRQHandler
                0x08003e68                WWDG_IRQHandler
                0x08003e68                DAC_IRQHandler
                0x08003e68                EXTI1_IRQHandler
                0x08003e68                AES_IRQHandler
                0x08003e68                TIM11_IRQHandler
                0x08003e68                I2C2_ER_IRQHandler
                0x08003e68                DMA1_Channel2_IRQHandler
                0x08003e68                FLASH_IRQHandler
                0x08003e68                SPI3_IRQHandler
                0x08003e68                DMA2_CH3_IRQHandler
                0x08003e68                DMA2_CH2_IRQHandler
                0x08003e68                I2C1_ER_IRQHandler
                0x08003e68                DMA2_CH4_IRQHandler
 *fill*         0x08003e6a        0x2 
 .text.__errno  0x08003e6c        0xc c:/programsoftware/ac6/systemworkbench/plugins/fr.ac6.mcu.externaltools.arm-none.win32_1.17.0.201812190825/tools/compiler/bin/../lib/gcc/arm-none-eabi/7.3.1/../../../../arm-none-eabi/lib/thumb/v7-m\libc.a(lib_a-errno.o)
                0x08003e6c                __errno
 .text.__libc_init_array
                0x08003e78       0x48 c:/programsoftware/ac6/systemworkbench/plugins/fr.ac6.mcu.externaltools.arm-none.win32_1.17.0.201812190825/tools/compiler/bin/../lib/gcc/arm-none-eabi/7.3.1/../../../../arm-none-eabi/lib/thumb/v7-m\libc.a(lib_a-init.o)
                0x08003e78                __libc_init_array
 .text.memset   0x08003ec0       0x94 c:/programsoftware/ac6/systemworkbench/plugins/fr.ac6.mcu.externaltools.arm-none.win32_1.17.0.201812190825/tools/compiler/bin/../lib/gcc/arm-none-eabi/7.3.1/../../../../arm-none-eabi/lib/thumb/v7-m\libc.a(lib_a-memset.o)
                0x08003ec0                memset
 .text.printf   0x08003f54       0x28 c:/programsoftware/ac6/systemworkbench/plugins/fr.ac6.mcu.externaltools.arm-none.win32_1.17.0.201812190825/tools/compiler/bin/../lib/gcc/arm-none-eabi/7.3.1/../../../../arm-none-eabi/lib/thumb/v7-m\libc.a(lib_a-printf.o)
                0x08003f54                printf
 .text._puts_r  0x08003f7c       0x9c c:/programsoftware/ac6/systemworkbench/plugins/fr.ac6.mcu.externaltools.arm-none.win32_1.17.0.201812190825/tools/compiler/bin/../lib/gcc/arm-none-eabi/7.3.1/../../../../arm-none-eabi/lib/thumb/v7-m\libc.a(lib_a-puts.o)
                0x08003f7c                _puts_r
 .text.puts     0x08004018       0x10 c:/programsoftware/ac6/systemworkbench/plugins/fr.ac6.mcu.externaltools.arm-none.win32_1.17.0.201812190825/tools/compiler/bin/../lib/gcc/arm-none-eabi/7.3.1/../../../../arm-none-eabi/lib/thumb/v7-m\libc.a(lib_a-puts.o)
                0x08004018                puts
 .text.sprintf  0x08004028       0x44 c:/programsoftware/ac6/systemworkbench/plugins/fr.ac6.mcu.externaltools.arm-none.win32_1.17.0.201812190825/tools/compiler/bin/../lib/gcc/arm-none-eabi/7.3.1/../../../../arm-none-eabi/lib/thumb/v7-m\libc.a(lib_a-sprintf.o)
                0x08004028                sprintf
 .text.strchr   0x0800406c       0xe8 c:/programsoftware/ac6/systemworkbench/plugins/fr.ac6.mcu.externaltools.arm-none.win32_1.17.0.201812190825/tools/compiler/bin/../lib/gcc/arm-none-eabi/7.3.1/../../../../arm-none-eabi/lib/thumb/v7-m\libc.a(lib_a-strchr.o)
                0x0800406c                strchr
 .text.strlen   0x08004154       0x5c c:/programsoftware/ac6/systemworkbench/plugins/fr.ac6.mcu.externaltools.arm-none.win32_1.17.0.201812190825/tools/compiler/bin/../lib/gcc/arm-none-eabi/7.3.1/../../../../arm-none-eabi/lib/thumb/v7-m\libc.a(lib_a-strlen-stub.o)
                0x08004154                strlen
 .text.critical_factorization
                0x080041b0       0xb4 c:/programsoftware/ac6/systemworkbench/plugins/fr.ac6.mcu.externaltools.arm-none.win32_1.17.0.201812190825/tools/compiler/bin/../lib/gcc/arm-none-eabi/7.3.1/../../../../arm-none-eabi/lib/thumb/v7-m\libc.a(lib_a-strstr.o)
 .text.two_way_long_needle
                0x08004264      0x1f8 c:/programsoftware/ac6/systemworkbench/plugins/fr.ac6.mcu.externaltools.arm-none.win32_1.17.0.201812190825/tools/compiler/bin/../lib/gcc/arm-none-eabi/7.3.1/../../../../arm-none-eabi/lib/thumb/v7-m\libc.a(lib_a-strstr.o)
 .text.strstr   0x0800445c      0x1f8 c:/programsoftware/ac6/systemworkbench/plugins/fr.ac6.mcu.externaltools.arm-none.win32_1.17.0.201812190825/tools/compiler/bin/../lib/gcc/arm-none-eabi/7.3.1/../../../../arm-none-eabi/lib/thumb/v7-m\libc.a(lib_a-strstr.o)
                0x0800445c                strstr
 .text._svfprintf_r
                0x08004654     0x1a04 c:/programsoftware/ac6/systemworkbench/plugins/fr.ac6.mcu.externaltools.arm-none.win32_1.17.0.201812190825/tools/compiler/bin/../lib/gcc/arm-none-eabi/7.3.1/../../../../arm-none-eabi/lib/thumb/v7-m\libc.a(lib_a-svfprintf.o)
                0x08004654                _svfprintf_r
 .text._vfprintf_r
                0x08006058     0x1ac0 c:/programsoftware/ac6/systemworkbench/plugins/fr.ac6.mcu.externaltools.arm-none.win32_1.17.0.201812190825/tools/compiler/bin/../lib/gcc/arm-none-eabi/7.3.1/../../../../arm-none-eabi/lib/thumb/v7-m\libc.a(lib_a-vfprintf.o)
                0x08006058                _vfprintf_r
 .text.__sbprintf
                0x08007b18       0x88 c:/programsoftware/ac6/systemworkbench/plugins/fr.ac6.mcu.externaltools.arm-none.win32_1.17.0.201812190825/tools/compiler/bin/../lib/gcc/arm-none-eabi/7.3.1/../../../../arm-none-eabi/lib/thumb/v7-m\libc.a(lib_a-vfprintf.o)
 .text.__swsetup_r
                0x08007ba0       0xcc c:/programsoftware/ac6/systemworkbench/plugins/fr.ac6.mcu.externaltools.arm-none.win32_1.17.0.201812190825/tools/compiler/bin/../lib/gcc/arm-none-eabi/7.3.1/../../../../arm-none-eabi/lib/thumb/v7-m\libc.a(lib_a-wsetup.o)
                0x08007ba0                __swsetup_r
 .text.startup.register_fini
                0x08007c6c       0x14 c:/programsoftware/ac6/systemworkbench/plugins/fr.ac6.mcu.externaltools.arm-none.win32_1.17.0.201812190825/tools/compiler/bin/../lib/gcc/arm-none-eabi/7.3.1/../../../../arm-none-eabi/lib/thumb/v7-m\libc.a(lib_a-__call_atexit.o)
 .text.atexit   0x08007c80        0xc c:/programsoftware/ac6/systemworkbench/plugins/fr.ac6.mcu.externaltools.arm-none.win32_1.17.0.201812190825/tools/compiler/bin/../lib/gcc/arm-none-eabi/7.3.1/../../../../arm-none-eabi/lib/thumb/v7-m\libc.a(lib_a-atexit.o)
                0x08007c80                atexit
 .text.quorem   0x08007c8c      0x124 c:/programsoftware/ac6/systemworkbench/plugins/fr.ac6.mcu.externaltools.arm-none.win32_1.17.0.201812190825/tools/compiler/bin/../lib/gcc/arm-none-eabi/7.3.1/../../../../arm-none-eabi/lib/thumb/v7-m\libc.a(lib_a-dtoa.o)
 .text._dtoa_r  0x08007db0      0xe30 c:/programsoftware/ac6/systemworkbench/plugins/fr.ac6.mcu.externaltools.arm-none.win32_1.17.0.201812190825/tools/compiler/bin/../lib/gcc/arm-none-eabi/7.3.1/../../../../arm-none-eabi/lib/thumb/v7-m\libc.a(lib_a-dtoa.o)
                0x08007db0                _dtoa_r
 .text.__sflush_r
                0x08008be0      0x154 c:/programsoftware/ac6/systemworkbench/plugins/fr.ac6.mcu.externaltools.arm-none.win32_1.17.0.201812190825/tools/compiler/bin/../lib/gcc/arm-none-eabi/7.3.1/../../../../arm-none-eabi/lib/thumb/v7-m\libc.a(lib_a-fflush.o)
                0x08008be0                __sflush_r
 .text._fflush_r
                0x08008d34       0x5c c:/programsoftware/ac6/systemworkbench/plugins/fr.ac6.mcu.externaltools.arm-none.win32_1.17.0.201812190825/tools/compiler/bin/../lib/gcc/arm-none-eabi/7.3.1/../../../../arm-none-eabi/lib/thumb/v7-m\libc.a(lib_a-fflush.o)
                0x08008d34                _fflush_r
 .text.std      0x08008d90       0x50 c:/programsoftware/ac6/systemworkbench/plugins/fr.ac6.mcu.externaltools.arm-none.win32_1.17.0.201812190825/tools/compiler/bin/../lib/gcc/arm-none-eabi/7.3.1/../../../../arm-none-eabi/lib/thumb/v7-m\libc.a(lib_a-findfp.o)
 .text._cleanup_r
                0x08008de0        0xc c:/programsoftware/ac6/systemworkbench/plugins/fr.ac6.mcu.externaltools.arm-none.win32_1.17.0.201812190825/tools/compiler/bin/../lib/gcc/arm-none-eabi/7.3.1/../../../../arm-none-eabi/lib/thumb/v7-m\libc.a(lib_a-findfp.o)
                0x08008de0                _cleanup_r
 .text.__sinit  0x08008dec       0x60 c:/programsoftware/ac6/systemworkbench/plugins/fr.ac6.mcu.externaltools.arm-none.win32_1.17.0.201812190825/tools/compiler/bin/../lib/gcc/arm-none-eabi/7.3.1/../../../../arm-none-eabi/lib/thumb/v7-m\libc.a(lib_a-findfp.o)
                0x08008dec                __sinit
 .text.__sfp_lock_acquire
                0x08008e4c        0xc c:/programsoftware/ac6/systemworkbench/plugins/fr.ac6.mcu.externaltools.arm-none.win32_1.17.0.201812190825/tools/compiler/bin/../lib/gcc/arm-none-eabi/7.3.1/../../../../arm-none-eabi/lib/thumb/v7-m\libc.a(lib_a-findfp.o)
                0x08008e4c                __sfp_lock_acquire
 .text.__sfp_lock_release
                0x08008e58        0xc c:/programsoftware/ac6/systemworkbench/plugins/fr.ac6.mcu.externaltools.arm-none.win32_1.17.0.201812190825/tools/compiler/bin/../lib/gcc/arm-none-eabi/7.3.1/../../../../arm-none-eabi/lib/thumb/v7-m\libc.a(lib_a-findfp.o)
                0x08008e58                __sfp_lock_release
 .text.__libc_fini_array
                0x08008e64       0x34 c:/programsoftware/ac6/systemworkbench/plugins/fr.ac6.mcu.externaltools.arm-none.win32_1.17.0.201812190825/tools/compiler/bin/../lib/gcc/arm-none-eabi/7.3.1/../../../../arm-none-eabi/lib/thumb/v7-m\libc.a(lib_a-fini.o)
                0x08008e64                __libc_fini_array
 .text._malloc_trim_r
                0x08008e98       0xa0 c:/programsoftware/ac6/systemworkbench/plugins/fr.ac6.mcu.externaltools.arm-none.win32_1.17.0.201812190825/tools/compiler/bin/../lib/gcc/arm-none-eabi/7.3.1/../../../../arm-none-eabi/lib/thumb/v7-m\libc.a(lib_a-freer.o)
                0x08008e98                _malloc_trim_r
 .text._free_r  0x08008f38      0x1e8 c:/programsoftware/ac6/systemworkbench/plugins/fr.ac6.mcu.externaltools.arm-none.win32_1.17.0.201812190825/tools/compiler/bin/../lib/gcc/arm-none-eabi/7.3.1/../../../../arm-none-eabi/lib/thumb/v7-m\libc.a(lib_a-freer.o)
                0x08008f38                _free_r
 .text.__sfvwrite_r
                0x08009120      0x2f4 c:/programsoftware/ac6/systemworkbench/plugins/fr.ac6.mcu.externaltools.arm-none.win32_1.17.0.201812190825/tools/compiler/bin/../lib/gcc/arm-none-eabi/7.3.1/../../../../arm-none-eabi/lib/thumb/v7-m\libc.a(lib_a-fvwrite.o)
                0x08009120                __sfvwrite_r
 .text._fwalk_reent
                0x08009414       0x50 c:/programsoftware/ac6/systemworkbench/plugins/fr.ac6.mcu.externaltools.arm-none.win32_1.17.0.201812190825/tools/compiler/bin/../lib/gcc/arm-none-eabi/7.3.1/../../../../arm-none-eabi/lib/thumb/v7-m\libc.a(lib_a-fwalk.o)
                0x08009414                _fwalk_reent
 .text._localeconv_r
                0x08009464       0x1c c:/programsoftware/ac6/systemworkbench/plugins/fr.ac6.mcu.externaltools.arm-none.win32_1.17.0.201812190825/tools/compiler/bin/../lib/gcc/arm-none-eabi/7.3.1/../../../../arm-none-eabi/lib/thumb/v7-m\libc.a(lib_a-localeconv.o)
                0x08009464                _localeconv_r
 .text.__retarget_lock_init_recursive
                0x08009480        0x4 c:/programsoftware/ac6/systemworkbench/plugins/fr.ac6.mcu.externaltools.arm-none.win32_1.17.0.201812190825/tools/compiler/bin/../lib/gcc/arm-none-eabi/7.3.1/../../../../arm-none-eabi/lib/thumb/v7-m\libc.a(lib_a-lock.o)
                0x08009480                __retarget_lock_init_recursive
 .text.__retarget_lock_close_recursive
                0x08009484        0x4 c:/programsoftware/ac6/systemworkbench/plugins/fr.ac6.mcu.externaltools.arm-none.win32_1.17.0.201812190825/tools/compiler/bin/../lib/gcc/arm-none-eabi/7.3.1/../../../../arm-none-eabi/lib/thumb/v7-m\libc.a(lib_a-lock.o)
                0x08009484                __retarget_lock_close_recursive
 .text.__retarget_lock_acquire_recursive
                0x08009488        0x4 c:/programsoftware/ac6/systemworkbench/plugins/fr.ac6.mcu.externaltools.arm-none.win32_1.17.0.201812190825/tools/compiler/bin/../lib/gcc/arm-none-eabi/7.3.1/../../../../arm-none-eabi/lib/thumb/v7-m\libc.a(lib_a-lock.o)
                0x08009488                __retarget_lock_acquire_recursive
 .text.__retarget_lock_release_recursive
                0x0800948c        0x4 c:/programsoftware/ac6/systemworkbench/plugins/fr.ac6.mcu.externaltools.arm-none.win32_1.17.0.201812190825/tools/compiler/bin/../lib/gcc/arm-none-eabi/7.3.1/../../../../arm-none-eabi/lib/thumb/v7-m\libc.a(lib_a-lock.o)
                0x0800948c                __retarget_lock_release_recursive
 .text.__swhatbuf_r
                0x08009490       0x5c c:/programsoftware/ac6/systemworkbench/plugins/fr.ac6.mcu.externaltools.arm-none.win32_1.17.0.201812190825/tools/compiler/bin/../lib/gcc/arm-none-eabi/7.3.1/../../../../arm-none-eabi/lib/thumb/v7-m\libc.a(lib_a-makebuf.o)
                0x08009490                __swhatbuf_r
 .text.__smakebuf_r
                0x080094ec       0x94 c:/programsoftware/ac6/systemworkbench/plugins/fr.ac6.mcu.externaltools.arm-none.win32_1.17.0.201812190825/tools/compiler/bin/../lib/gcc/arm-none-eabi/7.3.1/../../../../arm-none-eabi/lib/thumb/v7-m\libc.a(lib_a-makebuf.o)
                0x080094ec                __smakebuf_r
 .text._malloc_r
                0x08009580      0x524 c:/programsoftware/ac6/systemworkbench/plugins/fr.ac6.mcu.externaltools.arm-none.win32_1.17.0.201812190825/tools/compiler/bin/../lib/gcc/arm-none-eabi/7.3.1/../../../../arm-none-eabi/lib/thumb/v7-m\libc.a(lib_a-mallocr.o)
                0x08009580                _malloc_r
 .text.memchr   0x08009aa4       0x8c c:/programsoftware/ac6/systemworkbench/plugins/fr.ac6.mcu.externaltools.arm-none.win32_1.17.0.201812190825/tools/compiler/bin/../lib/gcc/arm-none-eabi/7.3.1/../../../../arm-none-eabi/lib/thumb/v7-m\libc.a(lib_a-memchr-stub.o)
                0x08009aa4                memchr
 .text.memcmp   0x08009b30       0x64 c:/programsoftware/ac6/systemworkbench/plugins/fr.ac6.mcu.externaltools.arm-none.win32_1.17.0.201812190825/tools/compiler/bin/../lib/gcc/arm-none-eabi/7.3.1/../../../../arm-none-eabi/lib/thumb/v7-m\libc.a(lib_a-memcmp.o)
                0x08009b30                memcmp
 .text.memmove  0x08009b94       0xc4 c:/programsoftware/ac6/systemworkbench/plugins/fr.ac6.mcu.externaltools.arm-none.win32_1.17.0.201812190825/tools/compiler/bin/../lib/gcc/arm-none-eabi/7.3.1/../../../../arm-none-eabi/lib/thumb/v7-m\libc.a(lib_a-memmove.o)
                0x08009b94                memmove
 .text.__malloc_lock
                0x08009c58        0xc c:/programsoftware/ac6/systemworkbench/plugins/fr.ac6.mcu.externaltools.arm-none.win32_1.17.0.201812190825/tools/compiler/bin/../lib/gcc/arm-none-eabi/7.3.1/../../../../arm-none-eabi/lib/thumb/v7-m\libc.a(lib_a-mlock.o)
                0x08009c58                __malloc_lock
 .text.__malloc_unlock
                0x08009c64        0xc c:/programsoftware/ac6/systemworkbench/plugins/fr.ac6.mcu.externaltools.arm-none.win32_1.17.0.201812190825/tools/compiler/bin/../lib/gcc/arm-none-eabi/7.3.1/../../../../arm-none-eabi/lib/thumb/v7-m\libc.a(lib_a-mlock.o)
                0x08009c64                __malloc_unlock
 .text._Balloc  0x08009c70       0x4c c:/programsoftware/ac6/systemworkbench/plugins/fr.ac6.mcu.externaltools.arm-none.win32_1.17.0.201812190825/tools/compiler/bin/../lib/gcc/arm-none-eabi/7.3.1/../../../../arm-none-eabi/lib/thumb/v7-m\libc.a(lib_a-mprec.o)
                0x08009c70                _Balloc
 .text._Bfree   0x08009cbc       0x14 c:/programsoftware/ac6/systemworkbench/plugins/fr.ac6.mcu.externaltools.arm-none.win32_1.17.0.201812190825/tools/compiler/bin/../lib/gcc/arm-none-eabi/7.3.1/../../../../arm-none-eabi/lib/thumb/v7-m\libc.a(lib_a-mprec.o)
                0x08009cbc                _Bfree
 .text.__multadd
                0x08009cd0       0x84 c:/programsoftware/ac6/systemworkbench/plugins/fr.ac6.mcu.externaltools.arm-none.win32_1.17.0.201812190825/tools/compiler/bin/../lib/gcc/arm-none-eabi/7.3.1/../../../../arm-none-eabi/lib/thumb/v7-m\libc.a(lib_a-mprec.o)
                0x08009cd0                __multadd
 .text.__hi0bits
                0x08009d54       0x40 c:/programsoftware/ac6/systemworkbench/plugins/fr.ac6.mcu.externaltools.arm-none.win32_1.17.0.201812190825/tools/compiler/bin/../lib/gcc/arm-none-eabi/7.3.1/../../../../arm-none-eabi/lib/thumb/v7-m\libc.a(lib_a-mprec.o)
                0x08009d54                __hi0bits
 .text.__lo0bits
                0x08009d94       0x60 c:/programsoftware/ac6/systemworkbench/plugins/fr.ac6.mcu.externaltools.arm-none.win32_1.17.0.201812190825/tools/compiler/bin/../lib/gcc/arm-none-eabi/7.3.1/../../../../arm-none-eabi/lib/thumb/v7-m\libc.a(lib_a-mprec.o)
                0x08009d94                __lo0bits
 .text.__i2b    0x08009df4       0x14 c:/programsoftware/ac6/systemworkbench/plugins/fr.ac6.mcu.externaltools.arm-none.win32_1.17.0.201812190825/tools/compiler/bin/../lib/gcc/arm-none-eabi/7.3.1/../../../../arm-none-eabi/lib/thumb/v7-m\libc.a(lib_a-mprec.o)
                0x08009df4                __i2b
 .text.__multiply
                0x08009e08      0x14c c:/programsoftware/ac6/systemworkbench/plugins/fr.ac6.mcu.externaltools.arm-none.win32_1.17.0.201812190825/tools/compiler/bin/../lib/gcc/arm-none-eabi/7.3.1/../../../../arm-none-eabi/lib/thumb/v7-m\libc.a(lib_a-mprec.o)
                0x08009e08                __multiply
 .text.__pow5mult
                0x08009f54       0xa0 c:/programsoftware/ac6/systemworkbench/plugins/fr.ac6.mcu.externaltools.arm-none.win32_1.17.0.201812190825/tools/compiler/bin/../lib/gcc/arm-none-eabi/7.3.1/../../../../arm-none-eabi/lib/thumb/v7-m\libc.a(lib_a-mprec.o)
                0x08009f54                __pow5mult
 .text.__lshift
                0x08009ff4       0xb4 c:/programsoftware/ac6/systemworkbench/plugins/fr.ac6.mcu.externaltools.arm-none.win32_1.17.0.201812190825/tools/compiler/bin/../lib/gcc/arm-none-eabi/7.3.1/../../../../arm-none-eabi/lib/thumb/v7-m\libc.a(lib_a-mprec.o)
                0x08009ff4                __lshift
 .text.__mcmp   0x0800a0a8       0x38 c:/programsoftware/ac6/systemworkbench/plugins/fr.ac6.mcu.externaltools.arm-none.win32_1.17.0.201812190825/tools/compiler/bin/../lib/gcc/arm-none-eabi/7.3.1/../../../../arm-none-eabi/lib/thumb/v7-m\libc.a(lib_a-mprec.o)
                0x0800a0a8                __mcmp
 .text.__mdiff  0x0800a0e0      0x100 c:/programsoftware/ac6/systemworkbench/plugins/fr.ac6.mcu.externaltools.arm-none.win32_1.17.0.201812190825/tools/compiler/bin/../lib/gcc/arm-none-eabi/7.3.1/../../../../arm-none-eabi/lib/thumb/v7-m\libc.a(lib_a-mprec.o)
                0x0800a0e0                __mdiff
 .text.__d2b    0x0800a1e0       0xb0 c:/programsoftware/ac6/systemworkbench/plugins/fr.ac6.mcu.externaltools.arm-none.win32_1.17.0.201812190825/tools/compiler/bin/../lib/gcc/arm-none-eabi/7.3.1/../../../../arm-none-eabi/lib/thumb/v7-m\libc.a(lib_a-mprec.o)
                0x0800a1e0                __d2b
 .text._realloc_r
                0x0800a290      0x374 c:/programsoftware/ac6/systemworkbench/plugins/fr.ac6.mcu.externaltools.arm-none.win32_1.17.0.201812190825/tools/compiler/bin/../lib/gcc/arm-none-eabi/7.3.1/../../../../arm-none-eabi/lib/thumb/v7-m\libc.a(lib_a-reallocr.o)
                0x0800a290                _realloc_r
 .text.frexp    0x0800a604       0x64 c:/programsoftware/ac6/systemworkbench/plugins/fr.ac6.mcu.externaltools.arm-none.win32_1.17.0.201812190825/tools/compiler/bin/../lib/gcc/arm-none-eabi/7.3.1/../../../../arm-none-eabi/lib/thumb/v7-m\libc.a(lib_a-s_frexp.o)
                0x0800a604                frexp
 .text._sbrk_r  0x0800a668       0x24 c:/programsoftware/ac6/systemworkbench/plugins/fr.ac6.mcu.externaltools.arm-none.win32_1.17.0.201812190825/tools/compiler/bin/../lib/gcc/arm-none-eabi/7.3.1/../../../../arm-none-eabi/lib/thumb/v7-m\libc.a(lib_a-sbrkr.o)
                0x0800a668                _sbrk_r
 .text.__sread  0x0800a68c       0x24 c:/programsoftware/ac6/systemworkbench/plugins/fr.ac6.mcu.externaltools.arm-none.win32_1.17.0.201812190825/tools/compiler/bin/../lib/gcc/arm-none-eabi/7.3.1/../../../../arm-none-eabi/lib/thumb/v7-m\libc.a(lib_a-stdio.o)
                0x0800a68c                __sread
 .text.__swrite
                0x0800a6b0       0x3c c:/programsoftware/ac6/systemworkbench/plugins/fr.ac6.mcu.externaltools.arm-none.win32_1.17.0.201812190825/tools/compiler/bin/../lib/gcc/arm-none-eabi/7.3.1/../../../../arm-none-eabi/lib/thumb/v7-m\libc.a(lib_a-stdio.o)
                0x0800a6b0                __swrite
 .text.__sseek  0x0800a6ec       0x20 c:/programsoftware/ac6/systemworkbench/plugins/fr.ac6.mcu.externaltools.arm-none.win32_1.17.0.201812190825/tools/compiler/bin/../lib/gcc/arm-none-eabi/7.3.1/../../../../arm-none-eabi/lib/thumb/v7-m\libc.a(lib_a-stdio.o)
                0x0800a6ec                __sseek
 .text.__sclose
                0x0800a70c        0x8 c:/programsoftware/ac6/systemworkbench/plugins/fr.ac6.mcu.externaltools.arm-none.win32_1.17.0.201812190825/tools/compiler/bin/../lib/gcc/arm-none-eabi/7.3.1/../../../../arm-none-eabi/lib/thumb/v7-m\libc.a(lib_a-stdio.o)
                0x0800a70c                __sclose
 .text.strncpy  0x0800a714       0x64 c:/programsoftware/ac6/systemworkbench/plugins/fr.ac6.mcu.externaltools.arm-none.win32_1.17.0.201812190825/tools/compiler/bin/../lib/gcc/arm-none-eabi/7.3.1/../../../../arm-none-eabi/lib/thumb/v7-m\libc.a(lib_a-strncpy.o)
                0x0800a714                strncpy
 .text.__ssprint_r
                0x0800a778       0xf4 c:/programsoftware/ac6/systemworkbench/plugins/fr.ac6.mcu.externaltools.arm-none.win32_1.17.0.201812190825/tools/compiler/bin/../lib/gcc/arm-none-eabi/7.3.1/../../../../arm-none-eabi/lib/thumb/v7-m\libc.a(lib_a-svfiprintf.o)
                0x0800a778                __ssprint_r
 .text.__sprint_r.part.0
                0x0800a86c       0x78 c:/programsoftware/ac6/systemworkbench/plugins/fr.ac6.mcu.externaltools.arm-none.win32_1.17.0.201812190825/tools/compiler/bin/../lib/gcc/arm-none-eabi/7.3.1/../../../../arm-none-eabi/lib/thumb/v7-m\libc.a(lib_a-vfiprintf.o)
 .text.__sprint_r
                0x0800a8e4       0x14 c:/programsoftware/ac6/systemworkbench/plugins/fr.ac6.mcu.externaltools.arm-none.win32_1.17.0.201812190825/tools/compiler/bin/../lib/gcc/arm-none-eabi/7.3.1/../../../../arm-none-eabi/lib/thumb/v7-m\libc.a(lib_a-vfiprintf.o)
                0x0800a8e4                __sprint_r
 .text._write_r
                0x0800a8f8       0x2c c:/programsoftware/ac6/systemworkbench/plugins/fr.ac6.mcu.externaltools.arm-none.win32_1.17.0.201812190825/tools/compiler/bin/../lib/gcc/arm-none-eabi/7.3.1/../../../../arm-none-eabi/lib/thumb/v7-m\libc.a(lib_a-writer.o)
                0x0800a8f8                _write_r
 .text.__register_exitproc
                0x0800a924       0xc0 c:/programsoftware/ac6/systemworkbench/plugins/fr.ac6.mcu.externaltools.arm-none.win32_1.17.0.201812190825/tools/compiler/bin/../lib/gcc/arm-none-eabi/7.3.1/../../../../arm-none-eabi/lib/thumb/v7-m\libc.a(lib_a-__atexit.o)
                0x0800a924                __register_exitproc
 .text._calloc_r
                0x0800a9e4       0x6c c:/programsoftware/ac6/systemworkbench/plugins/fr.ac6.mcu.externaltools.arm-none.win32_1.17.0.201812190825/tools/compiler/bin/../lib/gcc/arm-none-eabi/7.3.1/../../../../arm-none-eabi/lib/thumb/v7-m\libc.a(lib_a-callocr.o)
                0x0800a9e4                _calloc_r
 .text._close_r
                0x0800aa50       0x24 c:/programsoftware/ac6/systemworkbench/plugins/fr.ac6.mcu.externaltools.arm-none.win32_1.17.0.201812190825/tools/compiler/bin/../lib/gcc/arm-none-eabi/7.3.1/../../../../arm-none-eabi/lib/thumb/v7-m\libc.a(lib_a-closer.o)
                0x0800aa50                _close_r
 .text._fclose_r
                0x0800aa74       0xd0 c:/programsoftware/ac6/systemworkbench/plugins/fr.ac6.mcu.externaltools.arm-none.win32_1.17.0.201812190825/tools/compiler/bin/../lib/gcc/arm-none-eabi/7.3.1/../../../../arm-none-eabi/lib/thumb/v7-m\libc.a(lib_a-fclose.o)
                0x0800aa74                _fclose_r
 .text.__fputwc
                0x0800ab44       0x94 c:/programsoftware/ac6/systemworkbench/plugins/fr.ac6.mcu.externaltools.arm-none.win32_1.17.0.201812190825/tools/compiler/bin/../lib/gcc/arm-none-eabi/7.3.1/../../../../arm-none-eabi/lib/thumb/v7-m\libc.a(lib_a-fputwc.o)
                0x0800ab44                __fputwc
 .text._fputwc_r
                0x0800abd8       0x64 c:/programsoftware/ac6/systemworkbench/plugins/fr.ac6.mcu.externaltools.arm-none.win32_1.17.0.201812190825/tools/compiler/bin/../lib/gcc/arm-none-eabi/7.3.1/../../../../arm-none-eabi/lib/thumb/v7-m\libc.a(lib_a-fputwc.o)
                0x0800abd8                _fputwc_r
 .text._fstat_r
                0x0800ac3c       0x28 c:/programsoftware/ac6/systemworkbench/plugins/fr.ac6.mcu.externaltools.arm-none.win32_1.17.0.201812190825/tools/compiler/bin/../lib/gcc/arm-none-eabi/7.3.1/../../../../arm-none-eabi/lib/thumb/v7-m\libc.a(lib_a-fstatr.o)
                0x0800ac3c                _fstat_r
 .text._isatty_r
                0x0800ac64       0x24 c:/programsoftware/ac6/systemworkbench/plugins/fr.ac6.mcu.externaltools.arm-none.win32_1.17.0.201812190825/tools/compiler/bin/../lib/gcc/arm-none-eabi/7.3.1/../../../../arm-none-eabi/lib/thumb/v7-m\libc.a(lib_a-isattyr.o)
                0x0800ac64                _isatty_r
 .text.__locale_mb_cur_max
                0x0800ac88       0x1c c:/programsoftware/ac6/systemworkbench/plugins/fr.ac6.mcu.externaltools.arm-none.win32_1.17.0.201812190825/tools/compiler/bin/../lib/gcc/arm-none-eabi/7.3.1/../../../../arm-none-eabi/lib/thumb/v7-m\libc.a(lib_a-locale.o)
                0x0800ac88                __locale_mb_cur_max
 .text._lseek_r
                0x0800aca4       0x2c c:/programsoftware/ac6/systemworkbench/plugins/fr.ac6.mcu.externaltools.arm-none.win32_1.17.0.201812190825/tools/compiler/bin/../lib/gcc/arm-none-eabi/7.3.1/../../../../arm-none-eabi/lib/thumb/v7-m\libc.a(lib_a-lseekr.o)
                0x0800aca4                _lseek_r
 .text.__ascii_mbtowc
                0x0800acd0       0x2c c:/programsoftware/ac6/systemworkbench/plugins/fr.ac6.mcu.externaltools.arm-none.win32_1.17.0.201812190825/tools/compiler/bin/../lib/gcc/arm-none-eabi/7.3.1/../../../../arm-none-eabi/lib/thumb/v7-m\libc.a(lib_a-mbtowc_r.o)
                0x0800acd0                __ascii_mbtowc
 .text._read_r  0x0800acfc       0x2c c:/programsoftware/ac6/systemworkbench/plugins/fr.ac6.mcu.externaltools.arm-none.win32_1.17.0.201812190825/tools/compiler/bin/../lib/gcc/arm-none-eabi/7.3.1/../../../../arm-none-eabi/lib/thumb/v7-m\libc.a(lib_a-readr.o)
                0x0800acfc                _read_r
 .text.__swbuf_r
                0x0800ad28       0xb0 c:/programsoftware/ac6/systemworkbench/plugins/fr.ac6.mcu.externaltools.arm-none.win32_1.17.0.201812190825/tools/compiler/bin/../lib/gcc/arm-none-eabi/7.3.1/../../../../arm-none-eabi/lib/thumb/v7-m\libc.a(lib_a-wbuf.o)
                0x0800ad28                __swbuf_r
 .text._wcrtomb_r
                0x0800add8       0x54 c:/programsoftware/ac6/systemworkbench/plugins/fr.ac6.mcu.externaltools.arm-none.win32_1.17.0.201812190825/tools/compiler/bin/../lib/gcc/arm-none-eabi/7.3.1/../../../../arm-none-eabi/lib/thumb/v7-m\libc.a(lib_a-wcrtomb.o)
                0x0800add8                _wcrtomb_r
 .text.__ascii_wctomb
                0x0800ae2c       0x18 c:/programsoftware/ac6/systemworkbench/plugins/fr.ac6.mcu.externaltools.arm-none.win32_1.17.0.201812190825/tools/compiler/bin/../lib/gcc/arm-none-eabi/7.3.1/../../../../arm-none-eabi/lib/thumb/v7-m\libc.a(lib_a-wctomb_r.o)
                0x0800ae2c                __ascii_wctomb
 *(.glue_7)
 .glue_7        0x0800ae44        0x0 linker stubs
 *(.glue_7t)
 .glue_7t       0x0800ae44        0x0 linker stubs
 *(.eh_frame)
 .eh_frame      0x0800ae44        0x0 c:/programsoftware/ac6/systemworkbench/plugins/fr.ac6.mcu.externaltools.arm-none.win32_1.17.0.201812190825/tools/compiler/bin/../lib/gcc/arm-none-eabi/7.3.1/thumb/v7-m/crtbegin.o
 *(.init)
 .init          0x0800ae44        0x4 c:/programsoftware/ac6/systemworkbench/plugins/fr.ac6.mcu.externaltools.arm-none.win32_1.17.0.201812190825/tools/compiler/bin/../lib/gcc/arm-none-eabi/7.3.1/thumb/v7-m/crti.o
                0x0800ae44                _init
 .init          0x0800ae48        0x8 c:/programsoftware/ac6/systemworkbench/plugins/fr.ac6.mcu.externaltools.arm-none.win32_1.17.0.201812190825/tools/compiler/bin/../lib/gcc/arm-none-eabi/7.3.1/thumb/v7-m/crtn.o
 *(.fini)
 .fini          0x0800ae50        0x4 c:/programsoftware/ac6/systemworkbench/plugins/fr.ac6.mcu.externaltools.arm-none.win32_1.17.0.201812190825/tools/compiler/bin/../lib/gcc/arm-none-eabi/7.3.1/thumb/v7-m/crti.o
                0x0800ae50                _fini
 .fini          0x0800ae54        0x8 c:/programsoftware/ac6/systemworkbench/plugins/fr.ac6.mcu.externaltools.arm-none.win32_1.17.0.201812190825/tools/compiler/bin/../lib/gcc/arm-none-eabi/7.3.1/thumb/v7-m/crtn.o
                0x0800ae5c                . = ALIGN (0x4)
                0x0800ae5c                _etext = .

.vfp11_veneer   0x0800ae5c        0x0
 .vfp11_veneer  0x0800ae5c        0x0 linker stubs

.v4_bx          0x0800ae5c        0x0
 .v4_bx         0x0800ae5c        0x0 linker stubs

.iplt           0x0800ae5c        0x0
 .iplt          0x0800ae5c        0x0 c:/programsoftware/ac6/systemworkbench/plugins/fr.ac6.mcu.externaltools.arm-none.win32_1.17.0.201812190825/tools/compiler/bin/../lib/gcc/arm-none-eabi/7.3.1/thumb/v7-m/crtbegin.o

.rodata         0x0800ae60      0x718
                0x0800ae60                . = ALIGN (0x4)
 *(.rodata)
 .rodata        0x0800ae60      0x281 src/BC35.o
 *fill*         0x0800b0e1        0x3 
 .rodata        0x0800b0e4       0xe0 src/key.o
 .rodata        0x0800b1c4       0x77 src/main.o
 *fill*         0x0800b23b        0x1 
 .rodata        0x0800b23c       0x72 src/mpu6050.o
 *fill*         0x0800b2ae        0x2 
 .rodata        0x0800b2b0       0x19 src/sw180.o
 *(.rodata*)
 *fill*         0x0800b2c9        0x3 
 .rodata._global_impure_ptr
                0x0800b2cc        0x4 c:/programsoftware/ac6/systemworkbench/plugins/fr.ac6.mcu.externaltools.arm-none.win32_1.17.0.201812190825/tools/compiler/bin/../lib/gcc/arm-none-eabi/7.3.1/../../../../arm-none-eabi/lib/thumb/v7-m\libc.a(lib_a-impure.o)
                0x0800b2cc                _global_impure_ptr
 .rodata._puts_r.str1.4
                0x0800b2d0        0x2 c:/programsoftware/ac6/systemworkbench/plugins/fr.ac6.mcu.externaltools.arm-none.win32_1.17.0.201812190825/tools/compiler/bin/../lib/gcc/arm-none-eabi/7.3.1/../../../../arm-none-eabi/lib/thumb/v7-m\libc.a(lib_a-puts.o)
 *fill*         0x0800b2d2        0x2 
 .rodata._svfprintf_r.str1.4
                0x0800b2d4       0x42 c:/programsoftware/ac6/systemworkbench/plugins/fr.ac6.mcu.externaltools.arm-none.win32_1.17.0.201812190825/tools/compiler/bin/../lib/gcc/arm-none-eabi/7.3.1/../../../../arm-none-eabi/lib/thumb/v7-m\libc.a(lib_a-svfprintf.o)
 *fill*         0x0800b316        0x2 
 .rodata.blanks.7315
                0x0800b318       0x10 c:/programsoftware/ac6/systemworkbench/plugins/fr.ac6.mcu.externaltools.arm-none.win32_1.17.0.201812190825/tools/compiler/bin/../lib/gcc/arm-none-eabi/7.3.1/../../../../arm-none-eabi/lib/thumb/v7-m\libc.a(lib_a-svfprintf.o)
 .rodata.zeroes.7316
                0x0800b328       0x10 c:/programsoftware/ac6/systemworkbench/plugins/fr.ac6.mcu.externaltools.arm-none.win32_1.17.0.201812190825/tools/compiler/bin/../lib/gcc/arm-none-eabi/7.3.1/../../../../arm-none-eabi/lib/thumb/v7-m\libc.a(lib_a-svfprintf.o)
 .rodata._vfprintf_r.str1.4
                0x0800b338       0x42 c:/programsoftware/ac6/systemworkbench/plugins/fr.ac6.mcu.externaltools.arm-none.win32_1.17.0.201812190825/tools/compiler/bin/../lib/gcc/arm-none-eabi/7.3.1/../../../../arm-none-eabi/lib/thumb/v7-m\libc.a(lib_a-vfprintf.o)
 .rodata.blanks.7330
                0x0800b338       0x10 c:/programsoftware/ac6/systemworkbench/plugins/fr.ac6.mcu.externaltools.arm-none.win32_1.17.0.201812190825/tools/compiler/bin/../lib/gcc/arm-none-eabi/7.3.1/../../../../arm-none-eabi/lib/thumb/v7-m\libc.a(lib_a-vfprintf.o)
 .rodata.zeroes.7331
                0x0800b348       0x10 c:/programsoftware/ac6/systemworkbench/plugins/fr.ac6.mcu.externaltools.arm-none.win32_1.17.0.201812190825/tools/compiler/bin/../lib/gcc/arm-none-eabi/7.3.1/../../../../arm-none-eabi/lib/thumb/v7-m\libc.a(lib_a-vfprintf.o)
 .rodata._dtoa_r.str1.4
                0x0800b358       0x10 c:/programsoftware/ac6/systemworkbench/plugins/fr.ac6.mcu.externaltools.arm-none.win32_1.17.0.201812190825/tools/compiler/bin/../lib/gcc/arm-none-eabi/7.3.1/../../../../arm-none-eabi/lib/thumb/v7-m\libc.a(lib_a-dtoa.o)
                                 0x12 (size before relaxing)
 .rodata.__mprec_bigtens
                0x0800b368       0x28 c:/programsoftware/ac6/systemworkbench/plugins/fr.ac6.mcu.externaltools.arm-none.win32_1.17.0.201812190825/tools/compiler/bin/../lib/gcc/arm-none-eabi/7.3.1/../../../../arm-none-eabi/lib/thumb/v7-m\libc.a(lib_a-mprec.o)
                0x0800b368                __mprec_bigtens
 .rodata.__mprec_tens
                0x0800b390       0xc8 c:/programsoftware/ac6/systemworkbench/plugins/fr.ac6.mcu.externaltools.arm-none.win32_1.17.0.201812190825/tools/compiler/bin/../lib/gcc/arm-none-eabi/7.3.1/../../../../arm-none-eabi/lib/thumb/v7-m\libc.a(lib_a-mprec.o)
                0x0800b390                __mprec_tens
 .rodata.p05.6092
                0x0800b458        0xc c:/programsoftware/ac6/systemworkbench/plugins/fr.ac6.mcu.externaltools.arm-none.win32_1.17.0.201812190825/tools/compiler/bin/../lib/gcc/arm-none-eabi/7.3.1/../../../../arm-none-eabi/lib/thumb/v7-m\libc.a(lib_a-mprec.o)
 .rodata._setlocale_r.str1.4
                0x0800b464        0xa c:/programsoftware/ac6/systemworkbench/plugins/fr.ac6.mcu.externaltools.arm-none.win32_1.17.0.201812190825/tools/compiler/bin/../lib/gcc/arm-none-eabi/7.3.1/../../../../arm-none-eabi/lib/thumb/v7-m\libc.a(lib_a-locale.o)
                                  0xd (size before relaxing)
 *fill*         0x0800b46e        0x2 
 .rodata.str1.4
                0x0800b470        0x4 c:/programsoftware/ac6/systemworkbench/plugins/fr.ac6.mcu.externaltools.arm-none.win32_1.17.0.201812190825/tools/compiler/bin/../lib/gcc/arm-none-eabi/7.3.1/../../../../arm-none-eabi/lib/thumb/v7-m\libc.a(lib_a-locale.o)
                                  0x2 (size before relaxing)
 .rodata._ctype_
                0x0800b474      0x101 c:/programsoftware/ac6/systemworkbench/plugins/fr.ac6.mcu.externaltools.arm-none.win32_1.17.0.201812190825/tools/compiler/bin/../lib/gcc/arm-none-eabi/7.3.1/../../../../arm-none-eabi/lib/thumb/v7-m\libc.a(lib_a-ctype_.o)
                0x0800b474                _ctype_
                0x0800b578                . = ALIGN (0x4)
 *fill*         0x0800b575        0x3 

.ARM.extab      0x0800b578        0x0
                0x0800b578                . = ALIGN (0x4)
 *(.ARM.extab* .gnu.linkonce.armextab.*)
                0x0800b578                . = ALIGN (0x4)

.ARM            0x0800b578        0x8
                0x0800b578                . = ALIGN (0x4)
                0x0800b578                __exidx_start = .
 *(.ARM.exidx*)
 .ARM.exidx     0x0800b578        0x8 c:/programsoftware/ac6/systemworkbench/plugins/fr.ac6.mcu.externaltools.arm-none.win32_1.17.0.201812190825/tools/compiler/bin/../lib/gcc/arm-none-eabi/7.3.1/thumb/v7-m\libgcc.a(_udivmoddi4.o)
                0x0800b580                __exidx_end = .
                0x0800b580                . = ALIGN (0x4)

.rel.dyn        0x0800b580        0x0
 .rel.iplt      0x0800b580        0x0 c:/programsoftware/ac6/systemworkbench/plugins/fr.ac6.mcu.externaltools.arm-none.win32_1.17.0.201812190825/tools/compiler/bin/../lib/gcc/arm-none-eabi/7.3.1/thumb/v7-m/crtbegin.o

.preinit_array  0x0800b580        0x0
                0x0800b580                . = ALIGN (0x4)
                0x0800b580                PROVIDE (__preinit_array_start = .)
 *(.preinit_array*)
                0x0800b580                PROVIDE (__preinit_array_end = .)
                0x0800b580                . = ALIGN (0x4)

.init_array     0x0800b580        0x8
                0x0800b580                . = ALIGN (0x4)
                0x0800b580                PROVIDE (__init_array_start = .)
 *(SORT_BY_NAME(.init_array.*))
 .init_array.00000
                0x0800b580        0x4 c:/programsoftware/ac6/systemworkbench/plugins/fr.ac6.mcu.externaltools.arm-none.win32_1.17.0.201812190825/tools/compiler/bin/../lib/gcc/arm-none-eabi/7.3.1/../../../../arm-none-eabi/lib/thumb/v7-m\libc.a(lib_a-__call_atexit.o)
 *(.init_array*)
 .init_array    0x0800b584        0x4 c:/programsoftware/ac6/systemworkbench/plugins/fr.ac6.mcu.externaltools.arm-none.win32_1.17.0.201812190825/tools/compiler/bin/../lib/gcc/arm-none-eabi/7.3.1/thumb/v7-m/crtbegin.o
                0x0800b588                PROVIDE (__init_array_end = .)
                0x0800b588                . = ALIGN (0x4)

.fini_array     0x0800b588        0x4
                0x0800b588                . = ALIGN (0x4)
                0x0800b588                PROVIDE (__fini_array_start = .)
 *(SORT_BY_NAME(.fini_array.*))
 *(.fini_array*)
 .fini_array    0x0800b588        0x4 c:/programsoftware/ac6/systemworkbench/plugins/fr.ac6.mcu.externaltools.arm-none.win32_1.17.0.201812190825/tools/compiler/bin/../lib/gcc/arm-none-eabi/7.3.1/thumb/v7-m/crtbegin.o
                0x0800b58c                PROVIDE (__fini_array_end = .)
                0x0800b58c                . = ALIGN (0x4)
                0x0800b58c                _sidata = LOADADDR (.data)

.data           0x20000000      0x9e8 load address 0x0800b58c
                0x20000000                . = ALIGN (0x4)
                0x20000000                _sdata = .
 *(.data)
 .data          0x20000000       0x1c StdPeriph_Driver/src/stm32l1xx_rcc.o
 .data          0x2000001c       0x20 src/system_stm32l1xx.o
                0x2000001c                SystemCoreClock
                0x20000020                PLLMulTable
                0x2000002c                AHBPrescTable
 *(.data*)
 .data._impure_ptr
                0x2000003c        0x4 c:/programsoftware/ac6/systemworkbench/plugins/fr.ac6.mcu.externaltools.arm-none.win32_1.17.0.201812190825/tools/compiler/bin/../lib/gcc/arm-none-eabi/7.3.1/../../../../arm-none-eabi/lib/thumb/v7-m\libc.a(lib_a-impure.o)
                0x2000003c                _impure_ptr
 .data.impure_data
                0x20000040      0x428 c:/programsoftware/ac6/systemworkbench/plugins/fr.ac6.mcu.externaltools.arm-none.win32_1.17.0.201812190825/tools/compiler/bin/../lib/gcc/arm-none-eabi/7.3.1/../../../../arm-none-eabi/lib/thumb/v7-m\libc.a(lib_a-impure.o)
 .data.__atexit_recursive_mutex
                0x20000468        0x4 c:/programsoftware/ac6/systemworkbench/plugins/fr.ac6.mcu.externaltools.arm-none.win32_1.17.0.201812190825/tools/compiler/bin/../lib/gcc/arm-none-eabi/7.3.1/../../../../arm-none-eabi/lib/thumb/v7-m\libc.a(lib_a-__call_atexit.o)
                0x20000468                __atexit_recursive_mutex
 .data.__malloc_av_
                0x2000046c      0x408 c:/programsoftware/ac6/systemworkbench/plugins/fr.ac6.mcu.externaltools.arm-none.win32_1.17.0.201812190825/tools/compiler/bin/../lib/gcc/arm-none-eabi/7.3.1/../../../../arm-none-eabi/lib/thumb/v7-m\libc.a(lib_a-mallocr.o)
                0x2000046c                __malloc_av_
 .data.__malloc_sbrk_base
                0x20000874        0x4 c:/programsoftware/ac6/systemworkbench/plugins/fr.ac6.mcu.externaltools.arm-none.win32_1.17.0.201812190825/tools/compiler/bin/../lib/gcc/arm-none-eabi/7.3.1/../../../../arm-none-eabi/lib/thumb/v7-m\libc.a(lib_a-mallocr.o)
                0x20000874                __malloc_sbrk_base
 .data.__malloc_trim_threshold
                0x20000878        0x4 c:/programsoftware/ac6/systemworkbench/plugins/fr.ac6.mcu.externaltools.arm-none.win32_1.17.0.201812190825/tools/compiler/bin/../lib/gcc/arm-none-eabi/7.3.1/../../../../arm-none-eabi/lib/thumb/v7-m\libc.a(lib_a-mallocr.o)
                0x20000878                __malloc_trim_threshold
 .data.__global_locale
                0x2000087c      0x16c c:/programsoftware/ac6/systemworkbench/plugins/fr.ac6.mcu.externaltools.arm-none.win32_1.17.0.201812190825/tools/compiler/bin/../lib/gcc/arm-none-eabi/7.3.1/../../../../arm-none-eabi/lib/thumb/v7-m\libc.a(lib_a-locale.o)
                0x2000087c                __global_locale
                0x200009e8                . = ALIGN (0x4)
                0x200009e8                _edata = .

.igot.plt       0x200009e8        0x0 load address 0x0800bf74
 .igot.plt      0x200009e8        0x0 c:/programsoftware/ac6/systemworkbench/plugins/fr.ac6.mcu.externaltools.arm-none.win32_1.17.0.201812190825/tools/compiler/bin/../lib/gcc/arm-none-eabi/7.3.1/thumb/v7-m/crtbegin.o
                0x200009e8                . = ALIGN (0x4)

.bss            0x200009e8      0x368 load address 0x0800bf74
                0x200009e8                _sbss = .
                0x200009e8                __bss_start__ = _sbss
 *(.bss)
 .bss           0x200009e8       0x1c c:/programsoftware/ac6/systemworkbench/plugins/fr.ac6.mcu.externaltools.arm-none.win32_1.17.0.201812190825/tools/compiler/bin/../lib/gcc/arm-none-eabi/7.3.1/thumb/v7-m/crtbegin.o
 .bss           0x20000a04        0x4 src/main.o
 .bss           0x20000a08        0x8 src/syscalls.o
                0x20000a08                __env
 *(.bss*)
 .bss.__malloc_current_mallinfo
                0x20000a10       0x28 c:/programsoftware/ac6/systemworkbench/plugins/fr.ac6.mcu.externaltools.arm-none.win32_1.17.0.201812190825/tools/compiler/bin/../lib/gcc/arm-none-eabi/7.3.1/../../../../arm-none-eabi/lib/thumb/v7-m\libc.a(lib_a-mallocr.o)
                0x20000a10                __malloc_current_mallinfo
 .bss.__malloc_max_sbrked_mem
                0x20000a38        0x4 c:/programsoftware/ac6/systemworkbench/plugins/fr.ac6.mcu.externaltools.arm-none.win32_1.17.0.201812190825/tools/compiler/bin/../lib/gcc/arm-none-eabi/7.3.1/../../../../arm-none-eabi/lib/thumb/v7-m\libc.a(lib_a-mallocr.o)
                0x20000a38                __malloc_max_sbrked_mem
 .bss.__malloc_max_total_mem
                0x20000a3c        0x4 c:/programsoftware/ac6/systemworkbench/plugins/fr.ac6.mcu.externaltools.arm-none.win32_1.17.0.201812190825/tools/compiler/bin/../lib/gcc/arm-none-eabi/7.3.1/../../../../arm-none-eabi/lib/thumb/v7-m\libc.a(lib_a-mallocr.o)
                0x20000a3c                __malloc_max_total_mem
 .bss.__malloc_top_pad
                0x20000a40        0x4 c:/programsoftware/ac6/systemworkbench/plugins/fr.ac6.mcu.externaltools.arm-none.win32_1.17.0.201812190825/tools/compiler/bin/../lib/gcc/arm-none-eabi/7.3.1/../../../../arm-none-eabi/lib/thumb/v7-m\libc.a(lib_a-mallocr.o)
                0x20000a40                __malloc_top_pad
 *(COMMON)
 COMMON         0x20000a44      0x19c src/BC35.o
                0x20000a44                bc35_send_data
                0x20000a76                RxCounter1
                0x20000a77                RxCounter
                0x20000a78                BC95_Status
                0x20000aec                RxBuffer2
                0x20000b0c                strx
                0x20000b10                extstrx
                0x20000b14                RxCounter2
                0x20000b18                RxBuffer
                0x20000b7c                RxBuffer1
 COMMON         0x20000be0       0x1e src/key.o
                0x20000be0                password_key
                0x20000bec                password_key_conter
                0x20000bf0                admin_status
                0x20000bf4                password_fixed
 *fill*         0x20000bfe        0x2 
 COMMON         0x20000c00       0x8c src/main.o
                0x20000c00                mpu6050_rec_date_complete
                0x20000c04                mpu6050_rec_date_start
                0x20000c08                ds1302
                0x20000c0c                sw180_filter
                0x20000c10                sw180_status
                0x20000c14                time
                0x20000c70                GPIO_InitStructure
                0x20000c78                bc35_send_data_tmp
 COMMON         0x20000c8c       0x98 src/mpu6050.o
                0x20000c8c                mpu6050_data
                0x20000cf0                w
                0x20000cfc                T
                0x20000d00                angle
                0x20000d0c                temp_buf
                0x20000d18                a
 COMMON         0x20000d24        0x2 src/timer.o
                0x20000d24                uart1_getok
                0x20000d25                Timeout
 *fill*         0x20000d26        0x2 
 COMMON         0x20000d28       0x21 c:/programsoftware/ac6/systemworkbench/plugins/fr.ac6.mcu.externaltools.arm-none.win32_1.17.0.201812190825/tools/compiler/bin/../lib/gcc/arm-none-eabi/7.3.1/../../../../arm-none-eabi/lib/thumb/v7-m\libc.a(lib_a-lock.o)
                0x20000d28                __lock___atexit_recursive_mutex
                0x20000d2c                __lock___arc4random_mutex
                0x20000d30                __lock___env_recursive_mutex
                0x20000d34                __lock___sinit_recursive_mutex
                0x20000d38                __lock___malloc_recursive_mutex
                0x20000d3c                __lock___at_quick_exit_mutex
                0x20000d40                __lock___dd_hash_mutex
                0x20000d44                __lock___tz_mutex
                0x20000d48                __lock___sfp_recursive_mutex
 *fill*         0x20000d49        0x3 
 COMMON         0x20000d4c        0x4 c:/programsoftware/ac6/systemworkbench/plugins/fr.ac6.mcu.externaltools.arm-none.win32_1.17.0.201812190825/tools/compiler/bin/../lib/gcc/arm-none-eabi/7.3.1/../../../../arm-none-eabi/lib/thumb/v7-m\libc.a(lib_a-reent.o)
                0x20000d4c                errno
                0x20000d50                . = ALIGN (0x4)
                0x20000d50                _ebss = .
                0x20000d50                __bss_end__ = _ebss

._user_heap_stack
                0x20000d50      0x400 load address 0x0800bf74
                0x20000d50                . = ALIGN (0x8)
                0x20000d50                PROVIDE (end = .)
                [!provide]                PROVIDE (_end = .)
                0x20000d50                . = (. + _Min_Heap_Size)
                0x20001150                . = (. + _Min_Stack_Size)
 *fill*         0x20000d50      0x400 
                0x20001150                . = ALIGN (0x8)

/DISCARD/
 libc.a(*)
 libm.a(*)
 libgcc.a(*)

.ARM.attributes
                0x00000000       0x29
 *(.ARM.attributes)
 .ARM.attributes
                0x00000000       0x1d c:/programsoftware/ac6/systemworkbench/plugins/fr.ac6.mcu.externaltools.arm-none.win32_1.17.0.201812190825/tools/compiler/bin/../lib/gcc/arm-none-eabi/7.3.1/thumb/v7-m/crti.o
 .ARM.attributes
                0x0000001d       0x2d c:/programsoftware/ac6/systemworkbench/plugins/fr.ac6.mcu.externaltools.arm-none.win32_1.17.0.201812190825/tools/compiler/bin/../lib/gcc/arm-none-eabi/7.3.1/thumb/v7-m/crtbegin.o
 .ARM.attributes
                0x0000004a       0x33 StdPeriph_Driver/src/misc.o
 .ARM.attributes
                0x0000007d       0x33 StdPeriph_Driver/src/stm32l1xx_exti.o
 .ARM.attributes
                0x000000b0       0x33 StdPeriph_Driver/src/stm32l1xx_gpio.o
 .ARM.attributes
                0x000000e3       0x33 StdPeriph_Driver/src/stm32l1xx_rcc.o
 .ARM.attributes
                0x00000116       0x33 StdPeriph_Driver/src/stm32l1xx_syscfg.o
 .ARM.attributes
                0x00000149       0x33 StdPeriph_Driver/src/stm32l1xx_tim.o
 .ARM.attributes
                0x0000017c       0x33 StdPeriph_Driver/src/stm32l1xx_usart.o
 .ARM.attributes
                0x000001af       0x33 src/BC35.o
 .ARM.attributes
                0x000001e2       0x33 src/LED.o
 .ARM.attributes
                0x00000215       0x33 src/buzzer.o
 .ARM.attributes
                0x00000248       0x33 src/key.o
 .ARM.attributes
                0x0000027b       0x33 src/main.o
 .ARM.attributes
                0x000002ae       0x33 src/mpu6050.o
 .ARM.attributes
                0x000002e1       0x33 src/stm32l1xx_it.o
 .ARM.attributes
                0x00000314       0x33 src/sw180.o
 .ARM.attributes
                0x00000347       0x33 src/syscalls.o
 .ARM.attributes
                0x0000037a       0x33 src/system_stm32l1xx.o
 .ARM.attributes
                0x000003ad       0x33 src/timer.o
 .ARM.attributes
                0x000003e0       0x33 src/usart.o
 .ARM.attributes
                0x00000413       0x21 startup/startup_stm32.o
 .ARM.attributes
                0x00000434       0x1d c:/programsoftware/ac6/systemworkbench/plugins/fr.ac6.mcu.externaltools.arm-none.win32_1.17.0.201812190825/tools/compiler/bin/../lib/gcc/arm-none-eabi/7.3.1/thumb/v7-m\libgcc.a(_arm_addsubdf3.o)
 .ARM.attributes
                0x00000451       0x1d c:/programsoftware/ac6/systemworkbench/plugins/fr.ac6.mcu.externaltools.arm-none.win32_1.17.0.201812190825/tools/compiler/bin/../lib/gcc/arm-none-eabi/7.3.1/thumb/v7-m\libgcc.a(_arm_muldivdf3.o)
 .ARM.attributes
                0x0000046e       0x1d c:/programsoftware/ac6/systemworkbench/plugins/fr.ac6.mcu.externaltools.arm-none.win32_1.17.0.201812190825/tools/compiler/bin/../lib/gcc/arm-none-eabi/7.3.1/thumb/v7-m\libgcc.a(_arm_fixdfsi.o)
 .ARM.attributes
                0x0000048b       0x1d c:/programsoftware/ac6/systemworkbench/plugins/fr.ac6.mcu.externaltools.arm-none.win32_1.17.0.201812190825/tools/compiler/bin/../lib/gcc/arm-none-eabi/7.3.1/thumb/v7-m\libgcc.a(_arm_truncdfsf2.o)
 .ARM.attributes
                0x000004a8       0x2d c:/programsoftware/ac6/systemworkbench/plugins/fr.ac6.mcu.externaltools.arm-none.win32_1.17.0.201812190825/tools/compiler/bin/../lib/gcc/arm-none-eabi/7.3.1/../../../../arm-none-eabi/lib/thumb/v7-m\libc.a(lib_a-errno.o)
 .ARM.attributes
                0x000004d5       0x2d c:/programsoftware/ac6/systemworkbench/plugins/fr.ac6.mcu.externaltools.arm-none.win32_1.17.0.201812190825/tools/compiler/bin/../lib/gcc/arm-none-eabi/7.3.1/../../../../arm-none-eabi/lib/thumb/v7-m\libc.a(lib_a-impure.o)
 .ARM.attributes
                0x00000502       0x2d c:/programsoftware/ac6/systemworkbench/plugins/fr.ac6.mcu.externaltools.arm-none.win32_1.17.0.201812190825/tools/compiler/bin/../lib/gcc/arm-none-eabi/7.3.1/../../../../arm-none-eabi/lib/thumb/v7-m\libc.a(lib_a-init.o)
 .ARM.attributes
                0x0000052f       0x1b c:/programsoftware/ac6/systemworkbench/plugins/fr.ac6.mcu.externaltools.arm-none.win32_1.17.0.201812190825/tools/compiler/bin/../lib/gcc/arm-none-eabi/7.3.1/../../../../arm-none-eabi/lib/thumb/v7-m\libc.a(lib_a-memcpy.o)
 .ARM.attributes
                0x0000054a       0x2d c:/programsoftware/ac6/systemworkbench/plugins/fr.ac6.mcu.externaltools.arm-none.win32_1.17.0.201812190825/tools/compiler/bin/../lib/gcc/arm-none-eabi/7.3.1/../../../../arm-none-eabi/lib/thumb/v7-m\libc.a(lib_a-memset.o)
 .ARM.attributes
                0x00000577       0x2d c:/programsoftware/ac6/systemworkbench/plugins/fr.ac6.mcu.externaltools.arm-none.win32_1.17.0.201812190825/tools/compiler/bin/../lib/gcc/arm-none-eabi/7.3.1/../../../../arm-none-eabi/lib/thumb/v7-m\libc.a(lib_a-printf.o)
 .ARM.attributes
                0x000005a4       0x2d c:/programsoftware/ac6/systemworkbench/plugins/fr.ac6.mcu.externaltools.arm-none.win32_1.17.0.201812190825/tools/compiler/bin/../lib/gcc/arm-none-eabi/7.3.1/../../../../arm-none-eabi/lib/thumb/v7-m\libc.a(lib_a-puts.o)
 .ARM.attributes
                0x000005d1       0x2d c:/programsoftware/ac6/systemworkbench/plugins/fr.ac6.mcu.externaltools.arm-none.win32_1.17.0.201812190825/tools/compiler/bin/../lib/gcc/arm-none-eabi/7.3.1/../../../../arm-none-eabi/lib/thumb/v7-m\libc.a(lib_a-sprintf.o)
 .ARM.attributes
                0x000005fe       0x2d c:/programsoftware/ac6/systemworkbench/plugins/fr.ac6.mcu.externaltools.arm-none.win32_1.17.0.201812190825/tools/compiler/bin/../lib/gcc/arm-none-eabi/7.3.1/../../../../arm-none-eabi/lib/thumb/v7-m\libc.a(lib_a-strchr.o)
 .ARM.attributes
                0x0000062b       0x2d c:/programsoftware/ac6/systemworkbench/plugins/fr.ac6.mcu.externaltools.arm-none.win32_1.17.0.201812190825/tools/compiler/bin/../lib/gcc/arm-none-eabi/7.3.1/../../../../arm-none-eabi/lib/thumb/v7-m\libc.a(lib_a-strlen-stub.o)
 .ARM.attributes
                0x00000658       0x2d c:/programsoftware/ac6/systemworkbench/plugins/fr.ac6.mcu.externaltools.arm-none.win32_1.17.0.201812190825/tools/compiler/bin/../lib/gcc/arm-none-eabi/7.3.1/../../../../arm-none-eabi/lib/thumb/v7-m\libc.a(lib_a-strstr.o)
 .ARM.attributes
                0x00000685       0x2d c:/programsoftware/ac6/systemworkbench/plugins/fr.ac6.mcu.externaltools.arm-none.win32_1.17.0.201812190825/tools/compiler/bin/../lib/gcc/arm-none-eabi/7.3.1/../../../../arm-none-eabi/lib/thumb/v7-m\libc.a(lib_a-svfprintf.o)
 .ARM.attributes
                0x000006b2       0x2d c:/programsoftware/ac6/systemworkbench/plugins/fr.ac6.mcu.externaltools.arm-none.win32_1.17.0.201812190825/tools/compiler/bin/../lib/gcc/arm-none-eabi/7.3.1/../../../../arm-none-eabi/lib/thumb/v7-m\libc.a(lib_a-vfprintf.o)
 .ARM.attributes
                0x000006df       0x2d c:/programsoftware/ac6/systemworkbench/plugins/fr.ac6.mcu.externaltools.arm-none.win32_1.17.0.201812190825/tools/compiler/bin/../lib/gcc/arm-none-eabi/7.3.1/../../../../arm-none-eabi/lib/thumb/v7-m\libc.a(lib_a-wsetup.o)
 .ARM.attributes
                0x0000070c       0x2d c:/programsoftware/ac6/systemworkbench/plugins/fr.ac6.mcu.externaltools.arm-none.win32_1.17.0.201812190825/tools/compiler/bin/../lib/gcc/arm-none-eabi/7.3.1/../../../../arm-none-eabi/lib/thumb/v7-m\libc.a(lib_a-__call_atexit.o)
 .ARM.attributes
                0x00000739       0x2d c:/programsoftware/ac6/systemworkbench/plugins/fr.ac6.mcu.externaltools.arm-none.win32_1.17.0.201812190825/tools/compiler/bin/../lib/gcc/arm-none-eabi/7.3.1/../../../../arm-none-eabi/lib/thumb/v7-m\libc.a(lib_a-atexit.o)
 .ARM.attributes
                0x00000766       0x2d c:/programsoftware/ac6/systemworkbench/plugins/fr.ac6.mcu.externaltools.arm-none.win32_1.17.0.201812190825/tools/compiler/bin/../lib/gcc/arm-none-eabi/7.3.1/../../../../arm-none-eabi/lib/thumb/v7-m\libc.a(lib_a-dtoa.o)
 .ARM.attributes
                0x00000793       0x2d c:/programsoftware/ac6/systemworkbench/plugins/fr.ac6.mcu.externaltools.arm-none.win32_1.17.0.201812190825/tools/compiler/bin/../lib/gcc/arm-none-eabi/7.3.1/../../../../arm-none-eabi/lib/thumb/v7-m\libc.a(lib_a-fflush.o)
 .ARM.attributes
                0x000007c0       0x2d c:/programsoftware/ac6/systemworkbench/plugins/fr.ac6.mcu.externaltools.arm-none.win32_1.17.0.201812190825/tools/compiler/bin/../lib/gcc/arm-none-eabi/7.3.1/../../../../arm-none-eabi/lib/thumb/v7-m\libc.a(lib_a-findfp.o)
 .ARM.attributes
                0x000007ed       0x2d c:/programsoftware/ac6/systemworkbench/plugins/fr.ac6.mcu.externaltools.arm-none.win32_1.17.0.201812190825/tools/compiler/bin/../lib/gcc/arm-none-eabi/7.3.1/../../../../arm-none-eabi/lib/thumb/v7-m\libc.a(lib_a-fini.o)
 .ARM.attributes
                0x0000081a       0x2d c:/programsoftware/ac6/systemworkbench/plugins/fr.ac6.mcu.externaltools.arm-none.win32_1.17.0.201812190825/tools/compiler/bin/../lib/gcc/arm-none-eabi/7.3.1/../../../../arm-none-eabi/lib/thumb/v7-m\libc.a(lib_a-freer.o)
 .ARM.attributes
                0x00000847       0x2d c:/programsoftware/ac6/systemworkbench/plugins/fr.ac6.mcu.externaltools.arm-none.win32_1.17.0.201812190825/tools/compiler/bin/../lib/gcc/arm-none-eabi/7.3.1/../../../../arm-none-eabi/lib/thumb/v7-m\libc.a(lib_a-fvwrite.o)
 .ARM.attributes
                0x00000874       0x2d c:/programsoftware/ac6/systemworkbench/plugins/fr.ac6.mcu.externaltools.arm-none.win32_1.17.0.201812190825/tools/compiler/bin/../lib/gcc/arm-none-eabi/7.3.1/../../../../arm-none-eabi/lib/thumb/v7-m\libc.a(lib_a-fwalk.o)
 .ARM.attributes
                0x000008a1       0x2d c:/programsoftware/ac6/systemworkbench/plugins/fr.ac6.mcu.externaltools.arm-none.win32_1.17.0.201812190825/tools/compiler/bin/../lib/gcc/arm-none-eabi/7.3.1/../../../../arm-none-eabi/lib/thumb/v7-m\libc.a(lib_a-localeconv.o)
 .ARM.attributes
                0x000008ce       0x2d c:/programsoftware/ac6/systemworkbench/plugins/fr.ac6.mcu.externaltools.arm-none.win32_1.17.0.201812190825/tools/compiler/bin/../lib/gcc/arm-none-eabi/7.3.1/../../../../arm-none-eabi/lib/thumb/v7-m\libc.a(lib_a-lock.o)
 .ARM.attributes
                0x000008fb       0x2d c:/programsoftware/ac6/systemworkbench/plugins/fr.ac6.mcu.externaltools.arm-none.win32_1.17.0.201812190825/tools/compiler/bin/../lib/gcc/arm-none-eabi/7.3.1/../../../../arm-none-eabi/lib/thumb/v7-m\libc.a(lib_a-makebuf.o)
 .ARM.attributes
                0x00000928       0x2d c:/programsoftware/ac6/systemworkbench/plugins/fr.ac6.mcu.externaltools.arm-none.win32_1.17.0.201812190825/tools/compiler/bin/../lib/gcc/arm-none-eabi/7.3.1/../../../../arm-none-eabi/lib/thumb/v7-m\libc.a(lib_a-mallocr.o)
 .ARM.attributes
                0x00000955       0x2d c:/programsoftware/ac6/systemworkbench/plugins/fr.ac6.mcu.externaltools.arm-none.win32_1.17.0.201812190825/tools/compiler/bin/../lib/gcc/arm-none-eabi/7.3.1/../../../../arm-none-eabi/lib/thumb/v7-m\libc.a(lib_a-memchr-stub.o)
 .ARM.attributes
                0x00000982       0x2d c:/programsoftware/ac6/systemworkbench/plugins/fr.ac6.mcu.externaltools.arm-none.win32_1.17.0.201812190825/tools/compiler/bin/../lib/gcc/arm-none-eabi/7.3.1/../../../../arm-none-eabi/lib/thumb/v7-m\libc.a(lib_a-memcmp.o)
 .ARM.attributes
                0x000009af       0x2d c:/programsoftware/ac6/systemworkbench/plugins/fr.ac6.mcu.externaltools.arm-none.win32_1.17.0.201812190825/tools/compiler/bin/../lib/gcc/arm-none-eabi/7.3.1/../../../../arm-none-eabi/lib/thumb/v7-m\libc.a(lib_a-memmove.o)
 .ARM.attributes
                0x000009dc       0x2d c:/programsoftware/ac6/systemworkbench/plugins/fr.ac6.mcu.externaltools.arm-none.win32_1.17.0.201812190825/tools/compiler/bin/../lib/gcc/arm-none-eabi/7.3.1/../../../../arm-none-eabi/lib/thumb/v7-m\libc.a(lib_a-mlock.o)
 .ARM.attributes
                0x00000a09       0x2d c:/programsoftware/ac6/systemworkbench/plugins/fr.ac6.mcu.externaltools.arm-none.win32_1.17.0.201812190825/tools/compiler/bin/../lib/gcc/arm-none-eabi/7.3.1/../../../../arm-none-eabi/lib/thumb/v7-m\libc.a(lib_a-mprec.o)
 .ARM.attributes
                0x00000a36       0x2d c:/programsoftware/ac6/systemworkbench/plugins/fr.ac6.mcu.externaltools.arm-none.win32_1.17.0.201812190825/tools/compiler/bin/../lib/gcc/arm-none-eabi/7.3.1/../../../../arm-none-eabi/lib/thumb/v7-m\libc.a(lib_a-reallocr.o)
 .ARM.attributes
                0x00000a63       0x2d c:/programsoftware/ac6/systemworkbench/plugins/fr.ac6.mcu.externaltools.arm-none.win32_1.17.0.201812190825/tools/compiler/bin/../lib/gcc/arm-none-eabi/7.3.1/../../../../arm-none-eabi/lib/thumb/v7-m\libc.a(lib_a-s_frexp.o)
 .ARM.attributes
                0x00000a90       0x2d c:/programsoftware/ac6/systemworkbench/plugins/fr.ac6.mcu.externaltools.arm-none.win32_1.17.0.201812190825/tools/compiler/bin/../lib/gcc/arm-none-eabi/7.3.1/../../../../arm-none-eabi/lib/thumb/v7-m\libc.a(lib_a-sbrkr.o)
 .ARM.attributes
                0x00000abd       0x2d c:/programsoftware/ac6/systemworkbench/plugins/fr.ac6.mcu.externaltools.arm-none.win32_1.17.0.201812190825/tools/compiler/bin/../lib/gcc/arm-none-eabi/7.3.1/../../../../arm-none-eabi/lib/thumb/v7-m\libc.a(lib_a-stdio.o)
 .ARM.attributes
                0x00000aea       0x2d c:/programsoftware/ac6/systemworkbench/plugins/fr.ac6.mcu.externaltools.arm-none.win32_1.17.0.201812190825/tools/compiler/bin/../lib/gcc/arm-none-eabi/7.3.1/../../../../arm-none-eabi/lib/thumb/v7-m\libc.a(lib_a-strncpy.o)
 .ARM.attributes
                0x00000b17       0x2d c:/programsoftware/ac6/systemworkbench/plugins/fr.ac6.mcu.externaltools.arm-none.win32_1.17.0.201812190825/tools/compiler/bin/../lib/gcc/arm-none-eabi/7.3.1/../../../../arm-none-eabi/lib/thumb/v7-m\libc.a(lib_a-svfiprintf.o)
 .ARM.attributes
                0x00000b44       0x2d c:/programsoftware/ac6/systemworkbench/plugins/fr.ac6.mcu.externaltools.arm-none.win32_1.17.0.201812190825/tools/compiler/bin/../lib/gcc/arm-none-eabi/7.3.1/../../../../arm-none-eabi/lib/thumb/v7-m\libc.a(lib_a-vfiprintf.o)
 .ARM.attributes
                0x00000b71       0x2d c:/programsoftware/ac6/systemworkbench/plugins/fr.ac6.mcu.externaltools.arm-none.win32_1.17.0.201812190825/tools/compiler/bin/../lib/gcc/arm-none-eabi/7.3.1/../../../../arm-none-eabi/lib/thumb/v7-m\libc.a(lib_a-writer.o)
 .ARM.attributes
                0x00000b9e       0x2d c:/programsoftware/ac6/systemworkbench/plugins/fr.ac6.mcu.externaltools.arm-none.win32_1.17.0.201812190825/tools/compiler/bin/../lib/gcc/arm-none-eabi/7.3.1/../../../../arm-none-eabi/lib/thumb/v7-m\libc.a(lib_a-__atexit.o)
 .ARM.attributes
                0x00000bcb       0x2d c:/programsoftware/ac6/systemworkbench/plugins/fr.ac6.mcu.externaltools.arm-none.win32_1.17.0.201812190825/tools/compiler/bin/../lib/gcc/arm-none-eabi/7.3.1/../../../../arm-none-eabi/lib/thumb/v7-m\libc.a(lib_a-callocr.o)
 .ARM.attributes
                0x00000bf8       0x2d c:/programsoftware/ac6/systemworkbench/plugins/fr.ac6.mcu.externaltools.arm-none.win32_1.17.0.201812190825/tools/compiler/bin/../lib/gcc/arm-none-eabi/7.3.1/../../../../arm-none-eabi/lib/thumb/v7-m\libc.a(lib_a-closer.o)
 .ARM.attributes
                0x00000c25       0x2d c:/programsoftware/ac6/systemworkbench/plugins/fr.ac6.mcu.externaltools.arm-none.win32_1.17.0.201812190825/tools/compiler/bin/../lib/gcc/arm-none-eabi/7.3.1/../../../../arm-none-eabi/lib/thumb/v7-m\libc.a(lib_a-fclose.o)
 .ARM.attributes
                0x00000c52       0x2d c:/programsoftware/ac6/systemworkbench/plugins/fr.ac6.mcu.externaltools.arm-none.win32_1.17.0.201812190825/tools/compiler/bin/../lib/gcc/arm-none-eabi/7.3.1/../../../../arm-none-eabi/lib/thumb/v7-m\libc.a(lib_a-fputwc.o)
 .ARM.attributes
                0x00000c7f       0x2d c:/programsoftware/ac6/systemworkbench/plugins/fr.ac6.mcu.externaltools.arm-none.win32_1.17.0.201812190825/tools/compiler/bin/../lib/gcc/arm-none-eabi/7.3.1/../../../../arm-none-eabi/lib/thumb/v7-m\libc.a(lib_a-fstatr.o)
 .ARM.attributes
                0x00000cac       0x2d c:/programsoftware/ac6/systemworkbench/plugins/fr.ac6.mcu.externaltools.arm-none.win32_1.17.0.201812190825/tools/compiler/bin/../lib/gcc/arm-none-eabi/7.3.1/../../../../arm-none-eabi/lib/thumb/v7-m\libc.a(lib_a-isattyr.o)
 .ARM.attributes
                0x00000cd9       0x2d c:/programsoftware/ac6/systemworkbench/plugins/fr.ac6.mcu.externaltools.arm-none.win32_1.17.0.201812190825/tools/compiler/bin/../lib/gcc/arm-none-eabi/7.3.1/../../../../arm-none-eabi/lib/thumb/v7-m\libc.a(lib_a-locale.o)
 .ARM.attributes
                0x00000d06       0x2d c:/programsoftware/ac6/systemworkbench/plugins/fr.ac6.mcu.externaltools.arm-none.win32_1.17.0.201812190825/tools/compiler/bin/../lib/gcc/arm-none-eabi/7.3.1/../../../../arm-none-eabi/lib/thumb/v7-m\libc.a(lib_a-lseekr.o)
 .ARM.attributes
                0x00000d33       0x2d c:/programsoftware/ac6/systemworkbench/plugins/fr.ac6.mcu.externaltools.arm-none.win32_1.17.0.201812190825/tools/compiler/bin/../lib/gcc/arm-none-eabi/7.3.1/../../../../arm-none-eabi/lib/thumb/v7-m\libc.a(lib_a-mbtowc_r.o)
 .ARM.attributes
                0x00000d60       0x2d c:/programsoftware/ac6/systemworkbench/plugins/fr.ac6.mcu.externaltools.arm-none.win32_1.17.0.201812190825/tools/compiler/bin/../lib/gcc/arm-none-eabi/7.3.1/../../../../arm-none-eabi/lib/thumb/v7-m\libc.a(lib_a-readr.o)
 .ARM.attributes
                0x00000d8d       0x2d c:/programsoftware/ac6/systemworkbench/plugins/fr.ac6.mcu.externaltools.arm-none.win32_1.17.0.201812190825/tools/compiler/bin/../lib/gcc/arm-none-eabi/7.3.1/../../../../arm-none-eabi/lib/thumb/v7-m\libc.a(lib_a-reent.o)
 .ARM.attributes
                0x00000dba       0x2d c:/programsoftware/ac6/systemworkbench/plugins/fr.ac6.mcu.externaltools.arm-none.win32_1.17.0.201812190825/tools/compiler/bin/../lib/gcc/arm-none-eabi/7.3.1/../../../../arm-none-eabi/lib/thumb/v7-m\libc.a(lib_a-wbuf.o)
 .ARM.attributes
                0x00000de7       0x2d c:/programsoftware/ac6/systemworkbench/plugins/fr.ac6.mcu.externaltools.arm-none.win32_1.17.0.201812190825/tools/compiler/bin/../lib/gcc/arm-none-eabi/7.3.1/../../../../arm-none-eabi/lib/thumb/v7-m\libc.a(lib_a-wcrtomb.o)
 .ARM.attributes
                0x00000e14       0x2d c:/programsoftware/ac6/systemworkbench/plugins/fr.ac6.mcu.externaltools.arm-none.win32_1.17.0.201812190825/tools/compiler/bin/../lib/gcc/arm-none-eabi/7.3.1/../../../../arm-none-eabi/lib/thumb/v7-m\libc.a(lib_a-wctomb_r.o)
 .ARM.attributes
                0x00000e41       0x2d c:/programsoftware/ac6/systemworkbench/plugins/fr.ac6.mcu.externaltools.arm-none.win32_1.17.0.201812190825/tools/compiler/bin/../lib/gcc/arm-none-eabi/7.3.1/../../../../arm-none-eabi/lib/thumb/v7-m\libc.a(lib_a-ctype_.o)
 .ARM.attributes
                0x00000e6e       0x1d c:/programsoftware/ac6/systemworkbench/plugins/fr.ac6.mcu.externaltools.arm-none.win32_1.17.0.201812190825/tools/compiler/bin/../lib/gcc/arm-none-eabi/7.3.1/thumb/v7-m\libgcc.a(_arm_cmpdf2.o)
 .ARM.attributes
                0x00000e8b       0x1d c:/programsoftware/ac6/systemworkbench/plugins/fr.ac6.mcu.externaltools.arm-none.win32_1.17.0.201812190825/tools/compiler/bin/../lib/gcc/arm-none-eabi/7.3.1/thumb/v7-m\libgcc.a(_arm_unorddf2.o)
 .ARM.attributes
                0x00000ea8       0x1d c:/programsoftware/ac6/systemworkbench/plugins/fr.ac6.mcu.externaltools.arm-none.win32_1.17.0.201812190825/tools/compiler/bin/../lib/gcc/arm-none-eabi/7.3.1/thumb/v7-m\libgcc.a(_aeabi_uldivmod.o)
 .ARM.attributes
                0x00000ec5       0x2d c:/programsoftware/ac6/systemworkbench/plugins/fr.ac6.mcu.externaltools.arm-none.win32_1.17.0.201812190825/tools/compiler/bin/../lib/gcc/arm-none-eabi/7.3.1/thumb/v7-m\libgcc.a(_udivmoddi4.o)
 .ARM.attributes
                0x00000ef2       0x1d c:/programsoftware/ac6/systemworkbench/plugins/fr.ac6.mcu.externaltools.arm-none.win32_1.17.0.201812190825/tools/compiler/bin/../lib/gcc/arm-none-eabi/7.3.1/thumb/v7-m\libgcc.a(_dvmd_tls.o)
 .ARM.attributes
                0x00000f0f       0x1d c:/programsoftware/ac6/systemworkbench/plugins/fr.ac6.mcu.externaltools.arm-none.win32_1.17.0.201812190825/tools/compiler/bin/../lib/gcc/arm-none-eabi/7.3.1/thumb/v7-m/crtn.o
OUTPUT(S02_BC35_STM32L.elf elf32-littlearm)

.debug_info     0x00000000     0xc38b
 .debug_info    0x00000000      0x54b StdPeriph_Driver/src/misc.o
 .debug_info    0x0000054b      0x358 StdPeriph_Driver/src/stm32l1xx_exti.o
 .debug_info    0x000008a3      0x660 StdPeriph_Driver/src/stm32l1xx_gpio.o
 .debug_info    0x00000f03      0xa34 StdPeriph_Driver/src/stm32l1xx_rcc.o
 .debug_info    0x00001937      0x506 StdPeriph_Driver/src/stm32l1xx_syscfg.o
 .debug_info    0x00001e3d     0x1975 StdPeriph_Driver/src/stm32l1xx_tim.o
 .debug_info    0x000037b2      0x9d4 StdPeriph_Driver/src/stm32l1xx_usart.o
 .debug_info    0x00004186      0xb2d src/BC35.o
 .debug_info    0x00004cb3      0x2e9 src/LED.o
 .debug_info    0x00004f9c      0x352 src/buzzer.o
 .debug_info    0x000052ee      0xd8a src/key.o
 .debug_info    0x00006078     0x13a6 src/main.o
 .debug_info    0x0000741e      0xabf src/mpu6050.o
 .debug_info    0x00007edd      0x151 src/stm32l1xx_it.o
 .debug_info    0x0000802e      0xe96 src/sw180.o
 .debug_info    0x00008ec4      0xf2e src/syscalls.o
 .debug_info    0x00009df2      0x57a src/system_stm32l1xx.o
 .debug_info    0x0000a36c      0xf8f src/timer.o
 .debug_info    0x0000b2fb     0x106e src/usart.o
 .debug_info    0x0000c369       0x22 startup/startup_stm32.o

.debug_abbrev   0x00000000     0x2414
 .debug_abbrev  0x00000000      0x177 StdPeriph_Driver/src/misc.o
 .debug_abbrev  0x00000177      0x1c3 StdPeriph_Driver/src/stm32l1xx_exti.o
 .debug_abbrev  0x0000033a      0x1bf StdPeriph_Driver/src/stm32l1xx_gpio.o
 .debug_abbrev  0x000004f9      0x1fd StdPeriph_Driver/src/stm32l1xx_rcc.o
 .debug_abbrev  0x000006f6      0x190 StdPeriph_Driver/src/stm32l1xx_syscfg.o
 .debug_abbrev  0x00000886      0x1c8 StdPeriph_Driver/src/stm32l1xx_tim.o
 .debug_abbrev  0x00000a4e      0x187 StdPeriph_Driver/src/stm32l1xx_usart.o
 .debug_abbrev  0x00000bd5      0x23d src/BC35.o
 .debug_abbrev  0x00000e12      0x11b src/LED.o
 .debug_abbrev  0x00000f2d      0x147 src/buzzer.o
 .debug_abbrev  0x00001074      0x274 src/key.o
 .debug_abbrev  0x000012e8      0x2bd src/main.o
 .debug_abbrev  0x000015a5      0x207 src/mpu6050.o
 .debug_abbrev  0x000017ac       0x93 src/stm32l1xx_it.o
 .debug_abbrev  0x0000183f      0x2a4 src/sw180.o
 .debug_abbrev  0x00001ae3      0x2aa src/syscalls.o
 .debug_abbrev  0x00001d8d      0x16c src/system_stm32l1xx.o
 .debug_abbrev  0x00001ef9      0x260 src/timer.o
 .debug_abbrev  0x00002159      0x2a9 src/usart.o
 .debug_abbrev  0x00002402       0x12 startup/startup_stm32.o

.debug_aranges  0x00000000      0xa28
 .debug_aranges
                0x00000000       0x40 StdPeriph_Driver/src/misc.o
 .debug_aranges
                0x00000040       0x58 StdPeriph_Driver/src/stm32l1xx_exti.o
 .debug_aranges
                0x00000098       0x88 StdPeriph_Driver/src/stm32l1xx_gpio.o
 .debug_aranges
                0x00000120      0x148 StdPeriph_Driver/src/stm32l1xx_rcc.o
 .debug_aranges
                0x00000268       0x80 StdPeriph_Driver/src/stm32l1xx_syscfg.o
 .debug_aranges
                0x000002e8      0x2b8 StdPeriph_Driver/src/stm32l1xx_tim.o
 .debug_aranges
                0x000005a0      0x100 StdPeriph_Driver/src/stm32l1xx_usart.o
 .debug_aranges
                0x000006a0       0x48 src/BC35.o
 .debug_aranges
                0x000006e8       0x20 src/LED.o
 .debug_aranges
                0x00000708       0x38 src/buzzer.o
 .debug_aranges
                0x00000740       0x38 src/key.o
 .debug_aranges
                0x00000778       0x40 src/main.o
 .debug_aranges
                0x000007b8       0x28 src/mpu6050.o
 .debug_aranges
                0x000007e0       0x60 src/stm32l1xx_it.o
 .debug_aranges
                0x00000840       0x40 src/sw180.o
 .debug_aranges
                0x00000880       0xb0 src/syscalls.o
 .debug_aranges
                0x00000930       0x30 src/system_stm32l1xx.o
 .debug_aranges
                0x00000960       0x38 src/timer.o
 .debug_aranges
                0x00000998       0x68 src/usart.o
 .debug_aranges
                0x00000a00       0x28 startup/startup_stm32.o

.debug_ranges   0x00000000      0x8f0
 .debug_ranges  0x00000000       0x30 StdPeriph_Driver/src/misc.o
 .debug_ranges  0x00000030       0x48 StdPeriph_Driver/src/stm32l1xx_exti.o
 .debug_ranges  0x00000078       0x78 StdPeriph_Driver/src/stm32l1xx_gpio.o
 .debug_ranges  0x000000f0      0x138 StdPeriph_Driver/src/stm32l1xx_rcc.o
 .debug_ranges  0x00000228       0x70 StdPeriph_Driver/src/stm32l1xx_syscfg.o
 .debug_ranges  0x00000298      0x2a8 StdPeriph_Driver/src/stm32l1xx_tim.o
 .debug_ranges  0x00000540       0xf0 StdPeriph_Driver/src/stm32l1xx_usart.o
 .debug_ranges  0x00000630       0x38 src/BC35.o
 .debug_ranges  0x00000668       0x10 src/LED.o